*****************************************************************
Pin Report - Date: Thu Nov 02 10:22:19 2017 Pinchecksum: NOT-AVAILABLE
Product: Designer
Release: Libero SoC v11.8 SP1
Version: 11.8.1.12
Design Name: PROC_SUBSYSTEM
Family: IGLOO2
Die: M2GL025
Package: 256 VF
*****************************************************************

Port                  |Pin |Fixed |Function                                |Bank     |I/O Std   |Direction                      |I/O state in Flash*Freeze mode |Resistor Pull                      |I/O available in Flash*Freeze mode |Schmitt Trigger |Odt_Static    |Odt Imp (Ohm)  |Low Power Exit |Input Delay |Slew         |Pre-Emphasis      |Output Drive (mA) |Output Load (pF) |
----------------------|----|------|----------------------------------------|---------|----------|-------------------------------|-------------------------------|-----------------------------------|-----------------------------------|----------------|--------------|---------------|---------------|------------|-------------|------------------|------------------|-----------------|
CLK0_PAD               H16  Yes    MSIO11NB2/CCC_NE1_CLKI0                  Bank2     LVCMOS25   Input                           TRISTATE                        None                                No                                  Off              ---            ---             Off             Off          ---           ---                ---                ---               
DEVRST_N               M11  Fixed  DEVRST_N                                 ---       
GPIO_IN[0]             H12  Yes    MSI27NB1                                 Bank1     LVCMOS25   Input                           TRISTATE                        None                                No                                  Off              ---            ---             Off             Off          ---           ---                ---                ---               
GPIO_IN[1]             H13  Yes    MSIO28NB1                                Bank1     LVCMOS25   Input                           TRISTATE                        None                                No                                  Off              ---            ---             Off             Off          ---           ---                ---                ---               
GPIO_OUT_0[4]          M10  Yes    MSIO132NB4                               Bank4     LVCMOS25   Output                          TRISTATE                        None                                No                                  ---              ---            ---             ---             ---          SLOW          ---                4                  5                 
GPIO_OUT_0[5]          M9   Yes    MSIO132PB4                               Bank4     LVCMOS25   Output                          TRISTATE                        None                                No                                  ---              ---            ---             ---             ---          SLOW          ---                4                  5                 
GPIO_OUT_0[6]          G1   Yes    MSIO97PB7/GB2/CCC_NW0_CLKI1              Bank7     LVCMOS25   Output                          TRISTATE                        None                                No                                  ---              ---            ---             ---             ---          SLOW          ---                4                  5                 
INIT_DONE              N16  Yes    MSIO1PB2                                 Bank2     LVCMOS25   Output                          TRISTATE                        None                                No                                  ---              ---            ---             ---             ---          SLOW          ---                4                  5                 
MDDR_ADDR[0]           C14  Yes    DDRIO43NB0/MDDR_ADDR0                    Bank0     SSTL18II   Output                          TRISTATE                        None                                No                                  ---              ---            ---             ---             ---          ---           ---                ---                5                 
MDDR_ADDR[1]           E11  Yes    DDRIO42PB0/MDDR_ADDR1                    Bank0     SSTL18II   Output                          TRISTATE                        None                                No                                  ---              ---            ---             ---             ---          ---           ---                ---                5                 
MDDR_ADDR[2]           E12  Yes    DDRIO42NB0/MDDR_ADDR2                    Bank0     SSTL18II   Output                          TRISTATE                        None                                No                                  ---              ---            ---             ---             ---          ---           ---                ---                5                 
MDDR_ADDR[3]           B16  Yes    DDRIO41PB0/MDDR_ADDR3                    Bank0     SSTL18II   Output                          TRISTATE                        None                                No                                  ---              ---            ---             ---             ---          ---           ---                ---                5                 
MDDR_ADDR[4]           C16  Yes    DDRIO41NB0/MDDR_ADDR4                    Bank0     SSTL18II   Output                          TRISTATE                        None                                No                                  ---              ---            ---             ---             ---          ---           ---                ---                5                 
MDDR_ADDR[5]           D16  Yes    DDRIO40PB0/MDDR_ADDR5                    Bank0     SSTL18II   Output                          TRISTATE                        None                                No                                  ---              ---            ---             ---             ---          ---           ---                ---                5                 
MDDR_ADDR[6]           E16  Yes    DDRIO40NB0/MDDR_ADDR6                    Bank0     SSTL18II   Output                          TRISTATE                        None                                No                                  ---              ---            ---             ---             ---          ---           ---                ---                5                 
MDDR_ADDR[7]           F15  Yes    DDRIO39NB0/MDDR_ADDR7                    Bank0     SSTL18II   Output                          TRISTATE                        None                                No                                  ---              ---            ---             ---             ---          ---           ---                ---                5                 
MDDR_ADDR[8]           F14  Yes    DDRIO38PB0/MDDR_ADDR8                    Bank0     SSTL18II   Output                          TRISTATE                        None                                No                                  ---              ---            ---             ---             ---          ---           ---                ---                5                 
MDDR_ADDR[9]           E15  Yes    DDRIO38NB0/MDDR_ADDR9                    Bank0     SSTL18II   Output                          TRISTATE                        None                                No                                  ---              ---            ---             ---             ---          ---           ---                ---                5                 
MDDR_ADDR[10]          E14  Yes    DDRIO37PB0/MDDR_ADDR10                   Bank0     SSTL18II   Output                          TRISTATE                        None                                No                                  ---              ---            ---             ---             ---          ---           ---                ---                5                 
MDDR_ADDR[11]          F13  Yes    DDRIO37NB0/MDDR_ADDR11                   Bank0     SSTL18II   Output                          TRISTATE                        None                                No                                  ---              ---            ---             ---             ---          ---           ---                ---                5                 
MDDR_ADDR[12]          D14  Yes    DDRIO36PB0/MDDR_ADDR12                   Bank0     SSTL18II   Output                          TRISTATE                        None                                No                                  ---              ---            ---             ---             ---          ---           ---                ---                5                 
MDDR_ADDR[13]          D13  Yes    DDRIO36NB0/MDDR_ADDR13                   Bank0     SSTL18II   Output                          TRISTATE                        None                                No                                  ---              ---            ---             ---             ---          ---           ---                ---                5                 
MDDR_ADDR[14]          C15  Yes    DDRIO35PB0/MDDR_ADDR14                   Bank0     SSTL18II   Output                          TRISTATE                        None                                No                                  ---              ---            ---             ---             ---          ---           ---                ---                5                 
MDDR_ADDR[15]          B15  Yes    DDRIO35NB0/MDDR_ADDR15                   Bank0     SSTL18II   Output                          TRISTATE                        None                                No                                  ---              ---            ---             ---             ---          ---           ---                ---                5                 
MDDR_BA[0]             C12  Yes    DDRIO44PB0/MDDR_BA0                      Bank0     SSTL18II   Output                          TRISTATE                        None                                No                                  ---              ---            ---             ---             ---          ---           ---                ---                5                 
MDDR_BA[1]             D12  Yes    DDRIO44NB0/MDDR_BA1                      Bank0     SSTL18II   Output                          TRISTATE                        None                                No                                  ---              ---            ---             ---             ---          ---           ---                ---                5                 
MDDR_BA[2]             B13  Yes    DDRIO43PB0/MDDR_BA2                      Bank0     SSTL18II   Output                          TRISTATE                        None                                No                                  ---              ---            ---             ---             ---          ---           ---                ---                5                 
MDDR_CAS_N             A12  Yes    DDRIO46NB0/MDDR_CAS_N                    Bank0     SSTL18II   Output                          TRISTATE                        None                                No                                  ---              ---            ---             ---             ---          ---           ---                ---                5                 
MDDR_CKE               E10  Yes    DDRIO47PB0/MDDR_CKE                      Bank0     SSTL18II   Output                          TRISTATE                        None                                No                                  ---              ---            ---             ---             ---          ---           ---                ---                5                 
MDDR_CLK               A14  Yes    DDRIO45PB0/MDDR_CLK                      Bank0     SSTL18II   Output                          TRISTATE                        None                                No                                  ---              ---            ---             ---             ---          ---           ---                ---                5                 
MDDR_CLK_N             A15  Yes    DDRIO45NB0/MDDR_CLK_N                    Bank0     SSTL18II   Output                          TRISTATE                        None                                No                                  ---              ---            ---             ---             ---          ---           ---                ---                5                 
MDDR_CS_N              D11  Yes    DDRIO47NB0/MDDR_CS_N                     Bank0     SSTL18II   Output                          TRISTATE                        None                                No                                  ---              ---            ---             ---             ---          ---           ---                ---                5                 
MDDR_DM_RDQS[0]        A3   Yes    DDRIO57PB0/MDDR_DM_RDQS0                 Bank0     SSTL18II   Inout                           TRISTATE                        None                                No                                  Off              Off            50              Off             Off          ---           ---                ---                5                 
MDDR_DM_RDQS[1]        C10  Yes    DDRIO51NB0/MDDR_DM_RDQS1                 Bank0     SSTL18II   Inout                           TRISTATE                        None                                No                                  Off              Off            50              Off             Off          ---           ---                ---                5                 
MDDR_DQ[0]             B2   Yes    DDRIO60PB0/MDDR_DQ0                      Bank0     SSTL18II   Inout                           TRISTATE                        None                                No                                  Off              Off            50              Off             Off          ---           ---                ---                5                 
MDDR_DQ[1]             A2   Yes    DDRIO60NB0/MDDR_DQ1                      Bank0     SSTL18II   Inout                           TRISTATE                        None                                No                                  Off              Off            50              Off             Off          ---           ---                ---                5                 
MDDR_DQ[2]             B6   Yes    DDRIO59PB0/MDDR_DQ2                      Bank0     SSTL18II   Inout                           TRISTATE                        None                                No                                  Off              Off            50              Off             Off          ---           ---                ---                5                 
MDDR_DQ[3]             B5   Yes    DDRIO59NB0/MDDR_DQ3                      Bank0     SSTL18II   Inout                           TRISTATE                        None                                No                                  Off              Off            50              Off             Off          ---           ---                ---                5                 
MDDR_DQ[4]             B3   Yes    DDRIO57NB0/MDDR_DQ4                      Bank0     SSTL18II   Inout                           TRISTATE                        None                                No                                  Off              Off            50              Off             Off          ---           ---                ---                5                 
MDDR_DQ[5]             B7   Yes    DDRIO56PB0/MDDR_DQ5                      Bank0     SSTL18II   Inout                           TRISTATE                        None                                No                                  Off              Off            50              Off             Off          ---           ---                ---                5                 
MDDR_DQ[6]             C6   Yes    DDRIO56NB0/MDDR_DQ6                      Bank0     SSTL18II   Inout                           TRISTATE                        None                                No                                  Off              Off            50              Off             Off          ---           ---                ---                5                 
MDDR_DQ[7]             A7   Yes    DDRIO55PB0/MDDR_DQ7                      Bank0     SSTL18II   Inout                           TRISTATE                        None                                No                                  Off              Off            50              Off             Off          ---           ---                ---                5                 
MDDR_DQ[8]             C8   Yes    DDRIO54PB0/MDDR_DQ8                      Bank0     SSTL18II   Inout                           TRISTATE                        None                                No                                  Off              Off            50              Off             Off          ---           ---                ---                5                 
MDDR_DQ[9]             C9   Yes    DDRIO54NB0/MDDR_DQ9                      Bank0     SSTL18II   Inout                           TRISTATE                        None                                No                                  Off              Off            50              Off             Off          ---           ---                ---                5                 
MDDR_DQ[10]            D7   Yes    DDRIO53PB0/MDDR_DQ10/CCC_NE0_CLKI2       Bank0     SSTL18II   Inout                           TRISTATE                        None                                No                                  Off              Off            50              Off             Off          ---           ---                ---                5                 
MDDR_DQ[11]            D8   Yes    DDRIO53NB0/MDDR_DQ11                     Bank0     SSTL18II   Inout                           TRISTATE                        None                                No                                  Off              Off            50              Off             Off          ---           ---                ---                5                 
MDDR_DQ[12]            B11  Yes    DDRIO50PB0/MDDR_DQ12/GB12/CCC_NE1_CLKI2  Bank0     SSTL18II   Inout                           TRISTATE                        None                                No                                  Off              Off            50              Off             Off          ---           ---                ---                5                 
MDDR_DQ[13]            B10  Yes    DDRIO50NB0/MDDR_DQ13                     Bank0     SSTL18II   Inout                           TRISTATE                        None                                No                                  Off              Off            50              Off             Off          ---           ---                ---                5                 
MDDR_DQ[14]            D9   Yes    DDRIO49PB0/MDDR_DQ14/CCC_NE1_CLKI3       Bank0     SSTL18II   Inout                           TRISTATE                        None                                No                                  Off              Off            50              Off             Off          ---           ---                ---                5                 
MDDR_DQ[15]            E8   Yes    DDRIO49NB0/MDDR_DQ15                     Bank0     SSTL18II   Inout                           TRISTATE                        None                                No                                  Off              Off            50              Off             Off          ---           ---                ---                5                 
MDDR_DQS[0]            A5   Yes    DDRIO58PB0/MDDR_DQS0                     Bank0     SSTL18II   Inout                           TRISTATE                        None                                No                                  Off              Off            50              Off             Off          ---           ---                ---                5                 
MDDR_DQS[1]            A9   Yes    DDRIO52PB0/MDDR_DQS1/GB8/CCC_NE0_CLKI3   Bank0     SSTL18II   Inout                           TRISTATE                        None                                No                                  Off              Off            50              Off             Off          ---           ---                ---                5                 
MDDR_DQS_N[0]          A4   Yes    DDRIO58NB0/MDDR_DQS0_N                   Bank0     SSTL18II   Inout                           TRISTATE                        None                                No                                  Off              Off            50              Off             Off          ---           ---                ---                5                 
MDDR_DQS_N[1]          A10  Yes    DDRIO52NB0/MDDR_DQS1_N                   Bank0     SSTL18II   Inout                           TRISTATE                        None                                No                                  Off              Off            50              Off             Off          ---           ---                ---                5                 
MDDR_DQS_TMATCH_0_IN   B8   Yes    DDRIO51PB0/MDDR_TMATCH_0_IN              Bank0     SSTL18II   Input                           TRISTATE                        None                                No                                  Off              Off            50              Off             Off          ---           ---                ---                ---               
MDDR_DQS_TMATCH_0_OUT  A8   Yes    DDRIO55NB0/MDDR_TMATCH_0_OUT             Bank0     SSTL18II   Output                          TRISTATE                        None                                No                                  ---              ---            ---             ---             ---          ---           ---                ---                5                 
MDDR_ODT               F16  Yes    DDRIO39PB0/MDDR_ODT                      Bank0     SSTL18II   Output                          TRISTATE                        None                                No                                  ---              ---            ---             ---             ---          ---           ---                ---                5                 
MDDR_RAS_N             B12  Yes    DDRIO48PB0/MDDR_RAS_N                    Bank0     SSTL18II   Output                          TRISTATE                        None                                No                                  ---              ---            ---             ---             ---          ---           ---                ---                5                 
MDDR_RESET_N           A13  Yes    DDRIO46PB0/MDDR_RESET_N                  Bank0     SSTL18II   Output                          TRISTATE                        None                                No                                  ---              ---            ---             ---             ---          ---           ---                ---                5                 
MDDR_WE_N              C11  Yes    DDRIO48NB0/MDDR_WE_N                     Bank0     SSTL18II   Output                          TRISTATE                        None                                No                                  ---              ---            ---             ---             ---          ---           ---                ---                5                 
RX                     G3   Yes    MSIO98PB7/CCC_NW1_CLKI0                  Bank7     LVCMOS25   Input                           TRISTATE                        None                                No                                  Off              ---            ---             Off             Off          ---           ---                ---                ---               
SPI_FLASH_SCLK         P13  Yes    MSIO143NB4                               Bank4     LVCMOS25   Output                          TRISTATE                        None                                No                                  ---              ---            ---             ---             ---          SLOW          ---                4                  5                 
SPI_FLASH_SDI          P12  Yes    MSIO143PB4                               Bank4     LVCMOS25   Input                           TRISTATE                        None                                No                                  Off              ---            ---             Off             Off          ---           ---                ---                ---               
SPI_FLASH_SDO          P10  Yes    MSIO133PB4/GB15/VCCC_SE1_CLKI            Bank4     LVCMOS25   Output                          TRISTATE                        None                                No                                  ---              ---            ---             ---             ---          SLOW          ---                4                  5                 
TCK                    R14  Fixed  JTAG_TCK                                 ---       
TDI                    P16  Fixed  JTAG_TDI                                 ---       
TDO                    P14  Fixed  JTAG_TDO                                 ---       
TFT_EN                 N10  Yes    MSIO133NB4                               Bank4     LVCMOS25   Output                          TRISTATE                        None                                No                                  ---              ---            ---             ---             ---          SLOW          ---                4                  5                 
TMS                    N11  Fixed  JTAG_TMS                                 ---       
TRSTB                  N13  Fixed  JTAG_TRSTB                               ---       
TX                     H3   Yes    MSIO99PB7/CCC_NW0_CLKI0                  Bank7     LVCMOS25   Output                          TRISTATE                        None                                No                                  ---              ---            ---             ---             ---          SLOW          ---                4                  5                 
