Archive member included to satisfy reference by file (symbol)

c:/microsemi/softconsole_v5.1/riscv-unknown-elf-gcc/bin/../lib/gcc/riscv64-unknown-elf/7.1.0/../../../../riscv64-unknown-elf/lib/rv32im/ilp32\libc.a(lib_a-exit.o)
                              ./riscv_hal/init.o (exit)
c:/microsemi/softconsole_v5.1/riscv-unknown-elf-gcc/bin/../lib/gcc/riscv64-unknown-elf/7.1.0/../../../../riscv64-unknown-elf/lib/rv32im/ilp32\libc.a(lib_a-impure.o)
                              c:/microsemi/softconsole_v5.1/riscv-unknown-elf-gcc/bin/../lib/gcc/riscv64-unknown-elf/7.1.0/../../../../riscv64-unknown-elf/lib/rv32im/ilp32\libc.a(lib_a-exit.o) (_global_impure_ptr)
c:/microsemi/softconsole_v5.1/riscv-unknown-elf-gcc/bin/../lib/gcc/riscv64-unknown-elf/7.1.0/../../../../riscv64-unknown-elf/lib/rv32im/ilp32\libc.a(lib_a-__call_atexit.o)
                              c:/microsemi/softconsole_v5.1/riscv-unknown-elf-gcc/bin/../lib/gcc/riscv64-unknown-elf/7.1.0/../../../../riscv64-unknown-elf/lib/rv32im/ilp32\libc.a(lib_a-exit.o) (__call_exitprocs)

Allocating common symbols
Common symbol       size              file

errno               0x4               ./riscv_hal/syscall.o
g_gpio_out          0x8               ./main.o
g_gpio_in           0x8               ./main.o
g_uart              0x8               ./main.o
fromhost            0x8               ./riscv_hal/syscall.o
tohost              0x8               ./riscv_hal/syscall.o

Discarded input sections

 .text          0x0000000000000000        0x0 ./riscv_hal/entry.o
 .data          0x0000000000000000        0x0 ./riscv_hal/entry.o
 .bss           0x0000000000000000        0x0 ./riscv_hal/entry.o
 .text          0x0000000000000000        0x0 ./riscv_hal/init.o
 .data          0x0000000000000000        0x0 ./riscv_hal/init.o
 .bss           0x0000000000000000        0x0 ./riscv_hal/init.o
 .text          0x0000000000000000        0x0 ./riscv_hal/riscv_hal.o
 .data          0x0000000000000000        0x0 ./riscv_hal/riscv_hal.o
 .bss           0x0000000000000000        0x0 ./riscv_hal/riscv_hal.o
 .text.__disable_irq
                0x0000000000000000       0x10 ./riscv_hal/riscv_hal.o
 .text.__enable_irq
                0x0000000000000000        0x8 ./riscv_hal/riscv_hal.o
 .text          0x0000000000000000        0x0 ./riscv_hal/riscv_hal_stubs.o
 .data          0x0000000000000000        0x0 ./riscv_hal/riscv_hal_stubs.o
 .bss           0x0000000000000000        0x0 ./riscv_hal/riscv_hal_stubs.o
 .text.handle_m_ext_interrupt
                0x0000000000000000       0x14 ./riscv_hal/riscv_hal_stubs.o
 .text.SysTick_Handler
                0x0000000000000000        0x4 ./riscv_hal/riscv_hal_stubs.o
 .text          0x0000000000000000        0x0 ./riscv_hal/syscall.o
 .data          0x0000000000000000        0x0 ./riscv_hal/syscall.o
 .bss           0x0000000000000000        0x0 ./riscv_hal/syscall.o
 .text.write_hex
                0x0000000000000000       0x10 ./riscv_hal/syscall.o
 .text.sbrk     0x0000000000000000       0x3c ./riscv_hal/syscall.o
 .text.open     0x0000000000000000       0x14 ./riscv_hal/syscall.o
 .text.openat   0x0000000000000000       0x14 ./riscv_hal/syscall.o
 .text.close    0x0000000000000000       0x14 ./riscv_hal/syscall.o
 .text.execve   0x0000000000000000       0x14 ./riscv_hal/syscall.o
 .text.fork     0x0000000000000000       0x14 ./riscv_hal/syscall.o
 .text.getpid   0x0000000000000000        0x8 ./riscv_hal/syscall.o
 .text.isatty   0x0000000000000000       0x28 ./riscv_hal/syscall.o
 .text.fstat    0x0000000000000000       0x48 ./riscv_hal/syscall.o
 .text.kill     0x0000000000000000       0x14 ./riscv_hal/syscall.o
 .text.link     0x0000000000000000       0x14 ./riscv_hal/syscall.o
 .text.lseek    0x0000000000000000       0x38 ./riscv_hal/syscall.o
 .text.read     0x0000000000000000       0x14 ./riscv_hal/syscall.o
 .text.stat     0x0000000000000000       0x14 ./riscv_hal/syscall.o
 .text.times    0x0000000000000000       0x14 ./riscv_hal/syscall.o
 .text.unlink   0x0000000000000000       0x14 ./riscv_hal/syscall.o
 .text.wait     0x0000000000000000       0x14 ./riscv_hal/syscall.o
 .sbss.__env    0x0000000000000000        0x4 ./riscv_hal/syscall.o
 .sdata.curbrk.3416
                0x0000000000000000        0x4 ./riscv_hal/syscall.o
 .sdata.environ
                0x0000000000000000        0x4 ./riscv_hal/syscall.o
 .text          0x0000000000000000        0x0 ./hal/hal_irq.o
 .data          0x0000000000000000        0x0 ./hal/hal_irq.o
 .bss           0x0000000000000000        0x0 ./hal/hal_irq.o
 .text.HAL_enable_interrupts
                0x0000000000000000        0x8 ./hal/hal_irq.o
 .text.HAL_disable_interrupts
                0x0000000000000000       0x2c ./hal/hal_irq.o
 .text.HAL_restore_interrupts
                0x0000000000000000        0x8 ./hal/hal_irq.o
 .comment       0x0000000000000000       0x12 ./hal/hal_irq.o
 .text          0x0000000000000000        0x0 ./hal/hw_reg_access.o
 .data          0x0000000000000000        0x0 ./hal/hw_reg_access.o
 .bss           0x0000000000000000        0x0 ./hal/hw_reg_access.o
 .text.HW_set_32bit_reg_field
                0x0000000000000000       0x1c ./hal/hw_reg_access.o
 .text.HW_get_32bit_reg_field
                0x0000000000000000       0x10 ./hal/hw_reg_access.o
 .text.HW_set_16bit_reg_field
                0x0000000000000000       0x2c ./hal/hw_reg_access.o
 .text.HW_get_16bit_reg_field
                0x0000000000000000       0x18 ./hal/hw_reg_access.o
 .text.HW_set_8bit_reg_field
                0x0000000000000000       0x24 ./hal/hw_reg_access.o
 .text.HW_get_8bit_reg_field
                0x0000000000000000       0x14 ./hal/hw_reg_access.o
 .text          0x0000000000000000        0x0 ./drivers/CoreUARTapb/core_uart_apb.o
 .data          0x0000000000000000        0x0 ./drivers/CoreUARTapb/core_uart_apb.o
 .bss           0x0000000000000000        0x0 ./drivers/CoreUARTapb/core_uart_apb.o
 .text.UART_fill_tx_fifo
                0x0000000000000000       0xa8 ./drivers/CoreUARTapb/core_uart_apb.o
 .text.UART_get_rx_status
                0x0000000000000000       0x20 ./drivers/CoreUARTapb/core_uart_apb.o
 .text          0x0000000000000000        0x0 ./drivers/CoreGPIO/core_gpio.o
 .data          0x0000000000000000        0x0 ./drivers/CoreGPIO/core_gpio.o
 .bss           0x0000000000000000        0x0 ./drivers/CoreGPIO/core_gpio.o
 .text.GPIO_config
                0x0000000000000000       0x24 ./drivers/CoreGPIO/core_gpio.o
 .text.GPIO_get_outputs
                0x0000000000000000      0x100 ./drivers/CoreGPIO/core_gpio.o
 .text.GPIO_set_output
                0x0000000000000000      0x1a0 ./drivers/CoreGPIO/core_gpio.o
 .text.GPIO_drive_inout
                0x0000000000000000       0xa4 ./drivers/CoreGPIO/core_gpio.o
 .text.GPIO_enable_irq
                0x0000000000000000       0x50 ./drivers/CoreGPIO/core_gpio.o
 .text.GPIO_disable_irq
                0x0000000000000000       0x4c ./drivers/CoreGPIO/core_gpio.o
 .text.GPIO_clear_irq
                0x0000000000000000      0x100 ./drivers/CoreGPIO/core_gpio.o
 .text.GPIO_get_irq_sources
                0x0000000000000000      0x100 ./drivers/CoreGPIO/core_gpio.o
 .text.GPIO_clear_all_irq_sources
                0x0000000000000000       0xf4 ./drivers/CoreGPIO/core_gpio.o
 .text          0x0000000000000000        0x0 ./main.o
 .data          0x0000000000000000        0x0 ./main.o
 .bss           0x0000000000000000        0x0 ./main.o
 .data          0x0000000000000000        0x0 c:/microsemi/softconsole_v5.1/riscv-unknown-elf-gcc/bin/../lib/gcc/riscv64-unknown-elf/7.1.0/../../../../riscv64-unknown-elf/lib/rv32im/ilp32\libc.a(lib_a-exit.o)
 .bss           0x0000000000000000        0x0 c:/microsemi/softconsole_v5.1/riscv-unknown-elf-gcc/bin/../lib/gcc/riscv64-unknown-elf/7.1.0/../../../../riscv64-unknown-elf/lib/rv32im/ilp32\libc.a(lib_a-exit.o)
 .text          0x0000000000000000        0x0 c:/microsemi/softconsole_v5.1/riscv-unknown-elf-gcc/bin/../lib/gcc/riscv64-unknown-elf/7.1.0/../../../../riscv64-unknown-elf/lib/rv32im/ilp32\libc.a(lib_a-impure.o)
 .bss           0x0000000000000000        0x0 c:/microsemi/softconsole_v5.1/riscv-unknown-elf-gcc/bin/../lib/gcc/riscv64-unknown-elf/7.1.0/../../../../riscv64-unknown-elf/lib/rv32im/ilp32\libc.a(lib_a-impure.o)
 .data          0x0000000000000000        0x0 c:/microsemi/softconsole_v5.1/riscv-unknown-elf-gcc/bin/../lib/gcc/riscv64-unknown-elf/7.1.0/../../../../riscv64-unknown-elf/lib/rv32im/ilp32\libc.a(lib_a-__call_atexit.o)
 .bss           0x0000000000000000        0x0 c:/microsemi/softconsole_v5.1/riscv-unknown-elf-gcc/bin/../lib/gcc/riscv64-unknown-elf/7.1.0/../../../../riscv64-unknown-elf/lib/rv32im/ilp32\libc.a(lib_a-__call_atexit.o)

Memory Configuration

Name             Origin             Length             Attributes
nvm              0x0000000060000000 0x0000000000040000 xr
ram              0x0000000080000000 0x0000000010000000 xrw
*default*        0x0000000000000000 0xffffffffffffffff

Linker script and memory map

LOAD ./riscv_hal/entry.o
LOAD ./riscv_hal/init.o
LOAD ./riscv_hal/riscv_hal.o
LOAD ./riscv_hal/riscv_hal_stubs.o
LOAD ./riscv_hal/syscall.o
LOAD ./hal/hal_irq.o
LOAD ./hal/hw_reg_access.o
LOAD ./drivers/CoreUARTapb/core_uart_apb.o
LOAD ./drivers/CoreGPIO/core_gpio.o
LOAD ./main.o
LOAD c:/microsemi/softconsole_v5.1/riscv-unknown-elf-gcc/bin/../lib/gcc/riscv64-unknown-elf/7.1.0/rv32im/ilp32\libgcc.a
START GROUP
LOAD c:/microsemi/softconsole_v5.1/riscv-unknown-elf-gcc/bin/../lib/gcc/riscv64-unknown-elf/7.1.0/../../../../riscv64-unknown-elf/lib/rv32im/ilp32\libc.a
LOAD c:/microsemi/softconsole_v5.1/riscv-unknown-elf-gcc/bin/../lib/gcc/riscv64-unknown-elf/7.1.0/../../../../riscv64-unknown-elf/lib/rv32im/ilp32\libgloss.a
END GROUP
LOAD c:/microsemi/softconsole_v5.1/riscv-unknown-elf-gcc/bin/../lib/gcc/riscv64-unknown-elf/7.1.0/rv32im/ilp32\libgcc.a
                0x0000000000000800                STACK_SIZE = 0x800
                0x0000000000000800                HEAP_SIZE = 0x800

.text           0x0000000060000000      0x2ac
 ./riscv_hal/entry.o(.text.entry)
 .text.entry    0x0000000060000000      0x168 ./riscv_hal/entry.o
                0x0000000060000000                _start
 *(.text.entry)
 *(.text)
 .text          0x0000000060000168       0x34 c:/microsemi/softconsole_v5.1/riscv-unknown-elf-gcc/bin/../lib/gcc/riscv64-unknown-elf/7.1.0/../../../../riscv64-unknown-elf/lib/rv32im/ilp32\libc.a(lib_a-exit.o)
                0x0000000060000168                exit
 .text          0x000000006000019c      0x110 c:/microsemi/softconsole_v5.1/riscv-unknown-elf-gcc/bin/../lib/gcc/riscv64-unknown-elf/7.1.0/../../../../riscv64-unknown-elf/lib/rv32im/ilp32\libc.a(lib_a-__call_atexit.o)
                0x000000006000019c                __call_exitprocs

.text._init     0x00000000600002ac       0xcc
 .text._init    0x00000000600002ac       0xcc ./riscv_hal/init.o
                0x00000000600002ac                _init

.text.SysTick_Config
                0x0000000060000378       0x78
 .text.SysTick_Config
                0x0000000060000378       0x78 ./riscv_hal/riscv_hal.o
                0x0000000060000378                SysTick_Config

.text.handle_m_timer_interrupt
                0x00000000600003f0       0x80
 .text.handle_m_timer_interrupt
                0x00000000600003f0       0x80 ./riscv_hal/riscv_hal.o
                0x00000000600003f0                handle_m_timer_interrupt

.text.handle_m_ext_interrupt
                0x0000000060000470       0xa4
 .text.handle_m_ext_interrupt
                0x0000000060000470       0xa4 ./riscv_hal/riscv_hal.o
                0x0000000060000470                handle_m_ext_interrupt

.text.handle_m_soft_interrupt
                0x0000000060000514       0x20
 .text.handle_m_soft_interrupt
                0x0000000060000514       0x20 ./riscv_hal/riscv_hal.o
                0x0000000060000514                handle_m_soft_interrupt

.text.handle_trap
                0x0000000060000534       0x88
 .text.handle_trap
                0x0000000060000534       0x88 ./riscv_hal/riscv_hal.o
                0x0000000060000534                handle_trap

.text.Software_IRQHandler
                0x00000000600005bc       0x10
 .text.Software_IRQHandler
                0x00000000600005bc       0x10 ./riscv_hal/riscv_hal_stubs.o
                0x00000000600005bc                Software_IRQHandler

.text.Invalid_IRQHandler
                0x00000000600005cc        0x8
 .text.Invalid_IRQHandler
                0x00000000600005cc        0x8 ./riscv_hal/riscv_hal_stubs.o
                0x00000000600005cc                Invalid_IRQHandler

.text.External_1_IRQHandler
                0x00000000600005d4        0x8
 .text.External_1_IRQHandler
                0x00000000600005d4        0x8 ./riscv_hal/riscv_hal_stubs.o
                0x00000000600005d4                External_1_IRQHandler

.text.External_2_IRQHandler
                0x00000000600005dc        0x8
 .text.External_2_IRQHandler
                0x00000000600005dc        0x8 ./riscv_hal/riscv_hal_stubs.o
                0x00000000600005dc                External_2_IRQHandler

.text.External_3_IRQHandler
                0x00000000600005e4        0x8
 .text.External_3_IRQHandler
                0x00000000600005e4        0x8 ./riscv_hal/riscv_hal_stubs.o
                0x00000000600005e4                External_3_IRQHandler

.text.External_4_IRQHandler
                0x00000000600005ec        0x8
 .text.External_4_IRQHandler
                0x00000000600005ec        0x8 ./riscv_hal/riscv_hal_stubs.o
                0x00000000600005ec                External_4_IRQHandler

.text.External_5_IRQHandler
                0x00000000600005f4        0x8
 .text.External_5_IRQHandler
                0x00000000600005f4        0x8 ./riscv_hal/riscv_hal_stubs.o
                0x00000000600005f4                External_5_IRQHandler

.text.External_6_IRQHandler
                0x00000000600005fc        0x8
 .text.External_6_IRQHandler
                0x00000000600005fc        0x8 ./riscv_hal/riscv_hal_stubs.o
                0x00000000600005fc                External_6_IRQHandler

.text.External_7_IRQHandler
                0x0000000060000604        0x8
 .text.External_7_IRQHandler
                0x0000000060000604        0x8 ./riscv_hal/riscv_hal_stubs.o
                0x0000000060000604                External_7_IRQHandler

.text.External_8_IRQHandler
                0x000000006000060c        0x8
 .text.External_8_IRQHandler
                0x000000006000060c        0x8 ./riscv_hal/riscv_hal_stubs.o
                0x000000006000060c                External_8_IRQHandler

.text.External_9_IRQHandler
                0x0000000060000614        0x8
 .text.External_9_IRQHandler
                0x0000000060000614        0x8 ./riscv_hal/riscv_hal_stubs.o
                0x0000000060000614                External_9_IRQHandler

.text.External_10_IRQHandler
                0x000000006000061c        0x8
 .text.External_10_IRQHandler
                0x000000006000061c        0x8 ./riscv_hal/riscv_hal_stubs.o
                0x000000006000061c                External_10_IRQHandler

.text.External_11_IRQHandler
                0x0000000060000624        0x8
 .text.External_11_IRQHandler
                0x0000000060000624        0x8 ./riscv_hal/riscv_hal_stubs.o
                0x0000000060000624                External_11_IRQHandler

.text.External_12_IRQHandler
                0x000000006000062c        0x8
 .text.External_12_IRQHandler
                0x000000006000062c        0x8 ./riscv_hal/riscv_hal_stubs.o
                0x000000006000062c                External_12_IRQHandler

.text.External_13_IRQHandler
                0x0000000060000634        0x8
 .text.External_13_IRQHandler
                0x0000000060000634        0x8 ./riscv_hal/riscv_hal_stubs.o
                0x0000000060000634                External_13_IRQHandler

.text.External_14_IRQHandler
                0x000000006000063c        0x8
 .text.External_14_IRQHandler
                0x000000006000063c        0x8 ./riscv_hal/riscv_hal_stubs.o
                0x000000006000063c                External_14_IRQHandler

.text.External_15_IRQHandler
                0x0000000060000644        0x8
 .text.External_15_IRQHandler
                0x0000000060000644        0x8 ./riscv_hal/riscv_hal_stubs.o
                0x0000000060000644                External_15_IRQHandler

.text.External_16_IRQHandler
                0x000000006000064c        0x8
 .text.External_16_IRQHandler
                0x000000006000064c        0x8 ./riscv_hal/riscv_hal_stubs.o
                0x000000006000064c                External_16_IRQHandler

.text.External_17_IRQHandler
                0x0000000060000654        0x8
 .text.External_17_IRQHandler
                0x0000000060000654        0x8 ./riscv_hal/riscv_hal_stubs.o
                0x0000000060000654                External_17_IRQHandler

.text.External_18_IRQHandler
                0x000000006000065c        0x8
 .text.External_18_IRQHandler
                0x000000006000065c        0x8 ./riscv_hal/riscv_hal_stubs.o
                0x000000006000065c                External_18_IRQHandler

.text.External_19_IRQHandler
                0x0000000060000664        0x8
 .text.External_19_IRQHandler
                0x0000000060000664        0x8 ./riscv_hal/riscv_hal_stubs.o
                0x0000000060000664                External_19_IRQHandler

.text.External_20_IRQHandler
                0x000000006000066c        0x8
 .text.External_20_IRQHandler
                0x000000006000066c        0x8 ./riscv_hal/riscv_hal_stubs.o
                0x000000006000066c                External_20_IRQHandler

.text.External_21_IRQHandler
                0x0000000060000674        0x8
 .text.External_21_IRQHandler
                0x0000000060000674        0x8 ./riscv_hal/riscv_hal_stubs.o
                0x0000000060000674                External_21_IRQHandler

.text.External_22_IRQHandler
                0x000000006000067c        0x8
 .text.External_22_IRQHandler
                0x000000006000067c        0x8 ./riscv_hal/riscv_hal_stubs.o
                0x000000006000067c                External_22_IRQHandler

.text.External_23_IRQHandler
                0x0000000060000684        0x8
 .text.External_23_IRQHandler
                0x0000000060000684        0x8 ./riscv_hal/riscv_hal_stubs.o
                0x0000000060000684                External_23_IRQHandler

.text.External_24_IRQHandler
                0x000000006000068c        0x8
 .text.External_24_IRQHandler
                0x000000006000068c        0x8 ./riscv_hal/riscv_hal_stubs.o
                0x000000006000068c                External_24_IRQHandler

.text.External_25_IRQHandler
                0x0000000060000694        0x8
 .text.External_25_IRQHandler
                0x0000000060000694        0x8 ./riscv_hal/riscv_hal_stubs.o
                0x0000000060000694                External_25_IRQHandler

.text.External_26_IRQHandler
                0x000000006000069c        0x8
 .text.External_26_IRQHandler
                0x000000006000069c        0x8 ./riscv_hal/riscv_hal_stubs.o
                0x000000006000069c                External_26_IRQHandler

.text.External_27_IRQHandler
                0x00000000600006a4        0x8
 .text.External_27_IRQHandler
                0x00000000600006a4        0x8 ./riscv_hal/riscv_hal_stubs.o
                0x00000000600006a4                External_27_IRQHandler

.text.External_28_IRQHandler
                0x00000000600006ac        0x8
 .text.External_28_IRQHandler
                0x00000000600006ac        0x8 ./riscv_hal/riscv_hal_stubs.o
                0x00000000600006ac                External_28_IRQHandler

.text.External_29_IRQHandler
                0x00000000600006b4        0x8
 .text.External_29_IRQHandler
                0x00000000600006b4        0x8 ./riscv_hal/riscv_hal_stubs.o
                0x00000000600006b4                External_29_IRQHandler

.text.External_30_IRQHandler
                0x00000000600006bc        0x8
 .text.External_30_IRQHandler
                0x00000000600006bc        0x8 ./riscv_hal/riscv_hal_stubs.o
                0x00000000600006bc                External_30_IRQHandler

.text.External_31_IRQHandler
                0x00000000600006c4        0x8
 .text.External_31_IRQHandler
                0x00000000600006c4        0x8 ./riscv_hal/riscv_hal_stubs.o
                0x00000000600006c4                External_31_IRQHandler

.text._exit     0x00000000600006cc        0x4
 .text._exit    0x00000000600006cc        0x4 ./riscv_hal/syscall.o
                0x00000000600006cc                _exit

.text.write     0x00000000600006d0       0x14
 .text.write    0x00000000600006d0       0x14 ./riscv_hal/syscall.o
                0x00000000600006d0                write

.text.HW_set_32bit_reg
                0x00000000600006e4        0x8
 .text.HW_set_32bit_reg
                0x00000000600006e4        0x8 ./hal/hw_reg_access.o
                0x00000000600006e4                HW_set_32bit_reg

.text.HW_get_32bit_reg
                0x00000000600006ec        0x8
 .text.HW_get_32bit_reg
                0x00000000600006ec        0x8 ./hal/hw_reg_access.o
                0x00000000600006ec                HW_get_32bit_reg

.text.HW_set_16bit_reg
                0x00000000600006f4       0x10
 .text.HW_set_16bit_reg
                0x00000000600006f4       0x10 ./hal/hw_reg_access.o
                0x00000000600006f4                HW_set_16bit_reg

.text.HW_get_16bit_reg
                0x0000000060000704        0x8
 .text.HW_get_16bit_reg
                0x0000000060000704        0x8 ./hal/hw_reg_access.o
                0x0000000060000704                HW_get_16bit_reg

.text.HW_set_8bit_reg
                0x000000006000070c        0xc
 .text.HW_set_8bit_reg
                0x000000006000070c        0xc ./hal/hw_reg_access.o
                0x000000006000070c                HW_set_8bit_reg

.text.HW_get_8bit_reg
                0x0000000060000718        0x8
 .text.HW_get_8bit_reg
                0x0000000060000718        0x8 ./hal/hw_reg_access.o
                0x0000000060000718                HW_get_8bit_reg

.text.UART_init
                0x0000000060000720       0xac
 .text.UART_init
                0x0000000060000720       0xac ./drivers/CoreUARTapb/core_uart_apb.o
                0x0000000060000720                UART_init

.text.UART_send
                0x00000000600007cc       0x74
 .text.UART_send
                0x00000000600007cc       0x74 ./drivers/CoreUARTapb/core_uart_apb.o
                0x00000000600007cc                UART_send

.text.UART_get_rx
                0x0000000060000840       0xbc
 .text.UART_get_rx
                0x0000000060000840       0xbc ./drivers/CoreUARTapb/core_uart_apb.o
                0x0000000060000840                UART_get_rx

.text.UART_polled_tx_string
                0x00000000600008fc       0x68
 .text.UART_polled_tx_string
                0x00000000600008fc       0x68 ./drivers/CoreUARTapb/core_uart_apb.o
                0x00000000600008fc                UART_polled_tx_string

.text.GPIO_init
                0x0000000060000964      0x11c
 .text.GPIO_init
                0x0000000060000964      0x11c ./drivers/CoreGPIO/core_gpio.o
                0x0000000060000964                GPIO_init

.text.GPIO_set_outputs
                0x0000000060000a80       0xec
 .text.GPIO_set_outputs
                0x0000000060000a80       0xec ./drivers/CoreGPIO/core_gpio.o
                0x0000000060000a80                GPIO_set_outputs

.text.GPIO_get_inputs
                0x0000000060000b6c       0xe4
 .text.GPIO_get_inputs
                0x0000000060000b6c       0xe4 ./drivers/CoreGPIO/core_gpio.o
                0x0000000060000b6c                GPIO_get_inputs

.text.SysTick_Handler
                0x0000000060000c50       0x54
 .text.SysTick_Handler
                0x0000000060000c50       0x54 ./main.o
                0x0000000060000c50                SysTick_Handler

.text.startup.main
                0x0000000060000ca4       0xe8
 .text.startup.main
                0x0000000060000ca4       0xe8 ./main.o
                0x0000000060000ca4                main

.rodata._init.str1.4
                0x0000000060000d8c        0x8
 .rodata._init.str1.4
                0x0000000060000d8c        0x8 ./riscv_hal/init.o
                                          0x6 (size before relaxing)

.rodata.handle_trap.str1.4
                0x0000000060000d94        0x8
 .rodata.handle_trap.str1.4
                0x0000000060000d94        0x8 ./riscv_hal/riscv_hal.o
                                          0x6 (size before relaxing)

.rodata.str1.4  0x0000000060000d9c       0x18
 .rodata.str1.4
                0x0000000060000d9c       0x11 ./main.o
 *fill*         0x0000000060000dad        0x3 
 .rodata.str1.4
                0x0000000060000db0        0x4 c:/microsemi/softconsole_v5.1/riscv-unknown-elf-gcc/bin/../lib/gcc/riscv64-unknown-elf/7.1.0/../../../../riscv64-unknown-elf/lib/rv32im/ilp32\libc.a(lib_a-impure.o)
                                          0x2 (size before relaxing)

.rela.dyn       0x0000000060000db4        0x0
 .rela.text.entry
                0x0000000060000db4        0x0 ./riscv_hal/entry.o
 .rela.text._init
                0x0000000060000db4        0x0 ./riscv_hal/entry.o
 .rela.text.handle_m_timer_interrupt
                0x0000000060000db4        0x0 ./riscv_hal/entry.o
 .rela.text.handle_m_soft_interrupt
                0x0000000060000db4        0x0 ./riscv_hal/entry.o
 .rela.text.handle_trap
                0x0000000060000db4        0x0 ./riscv_hal/entry.o
 .rela.data.ext_irq_handler_table
                0x0000000060000db4        0x0 ./riscv_hal/entry.o
 .rela.text.handle_m_ext_interrupt
                0x0000000060000db4        0x0 ./riscv_hal/entry.o
 .rela.text.Software_IRQHandler
                0x0000000060000db4        0x0 ./riscv_hal/entry.o
 .rela.text.write_hex
                0x0000000060000db4        0x0 ./riscv_hal/entry.o
 .rela.text.sbrk
                0x0000000060000db4        0x0 ./riscv_hal/entry.o
 .rela.text.open
                0x0000000060000db4        0x0 ./riscv_hal/entry.o
 .rela.text.openat
                0x0000000060000db4        0x0 ./riscv_hal/entry.o
 .rela.text.close
                0x0000000060000db4        0x0 ./riscv_hal/entry.o
 .rela.text.execve
                0x0000000060000db4        0x0 ./riscv_hal/entry.o
 .rela.text.fork
                0x0000000060000db4        0x0 ./riscv_hal/entry.o
 .rela.text.isatty
                0x0000000060000db4        0x0 ./riscv_hal/entry.o
 .rela.text.fstat
                0x0000000060000db4        0x0 ./riscv_hal/entry.o
 .rela.text.kill
                0x0000000060000db4        0x0 ./riscv_hal/entry.o
 .rela.text.link
                0x0000000060000db4        0x0 ./riscv_hal/entry.o
 .rela.text.lseek
                0x0000000060000db4        0x0 ./riscv_hal/entry.o
 .rela.text.read
                0x0000000060000db4        0x0 ./riscv_hal/entry.o
 .rela.text.stat
                0x0000000060000db4        0x0 ./riscv_hal/entry.o
 .rela.text.times
                0x0000000060000db4        0x0 ./riscv_hal/entry.o
 .rela.text.unlink
                0x0000000060000db4        0x0 ./riscv_hal/entry.o
 .rela.text.wait
                0x0000000060000db4        0x0 ./riscv_hal/entry.o
 .rela.text.write
                0x0000000060000db4        0x0 ./riscv_hal/entry.o
 .rela.sdata.curbrk.3416
                0x0000000060000db4        0x0 ./riscv_hal/entry.o
 .rela.text.SysTick_Handler
                0x0000000060000db4        0x0 ./riscv_hal/entry.o
 .rela.text.startup.main
                0x0000000060000db4        0x0 ./riscv_hal/entry.o
 .rela.text     0x0000000060000db4        0x0 ./riscv_hal/entry.o

.sdata          0x0000000080000000       0x10 load address 0x0000000060000db4
                0x0000000060000db4                __sdata_load = LOADADDR (.sdata)
                0x0000000080000000                __sdata_start = .
                0x0000000080000800                _gp = (. + 0x800)
 *(.srodata.cst16)
 *(.srodata.cst8)
 *(.srodata.cst4)
 *(.srodata.cst2)
 *(.srodata*)
 *(.sdata .sdata.* .gnu.linkonce.s.*)
 .sdata.g_hello_msg
                0x0000000080000000        0x4 ./main.o
                0x0000000080000000                g_hello_msg
 .sdata.g_state
                0x0000000080000004        0x4 ./main.o
                0x0000000080000004                g_state
 .sdata         0x0000000080000008        0x8 c:/microsemi/softconsole_v5.1/riscv-unknown-elf-gcc/bin/../lib/gcc/riscv64-unknown-elf/7.1.0/../../../../riscv64-unknown-elf/lib/rv32im/ilp32\libc.a(lib_a-impure.o)
                0x0000000080000008                _global_impure_ptr
                0x000000008000000c                _impure_ptr
                0x0000000080000010                __sdata_end = .

.data           0x0000000080000010      0x428 load address 0x0000000060000dd0
                0x0000000060000dd0                __data_load = LOADADDR (.data)
                0x0000000080000010                __data_start = .
 *(.data)
 .data          0x0000000080000010      0x428 c:/microsemi/softconsole_v5.1/riscv-unknown-elf-gcc/bin/../lib/gcc/riscv64-unknown-elf/7.1.0/../../../../riscv64-unknown-elf/lib/rv32im/ilp32\libc.a(lib_a-impure.o)
                0x0000000080000438                __data_end = .

.data.ext_irq_handler_table
                0x0000000080000438       0x80 load address 0x00000000600011f8
 .data.ext_irq_handler_table
                0x0000000080000438       0x80 ./riscv_hal/riscv_hal.o
                0x0000000080000438                ext_irq_handler_table

.sbss           0x00000000800004b8        0x8 load address 0x0000000060001278
                0x00000000800004b8                __sbss_start = .
 *(.sbss .sbss.* .gnu.linkonce.sb.*)
 .sbss.g_systick_increment
                0x00000000800004b8        0x8 ./riscv_hal/riscv_hal.o
 *(.scommon)
                0x00000000800004c0                __sbss_end = .

.bss            0x00000000800004c0       0xa0 load address 0x0000000060001278
                0x00000000800004c0                __bss_start = .
 *(.bss)
                0x00000000800004c0                __bss_end = .
 COMMON         0x00000000800004c0       0x88 ./riscv_hal/syscall.o
                0x00000000800004c0                errno
                0x0000000080000500                fromhost
                0x0000000080000540                tohost
 COMMON         0x0000000080000548       0x18 ./main.o
                0x0000000080000548                g_gpio_out
                0x0000000080000550                g_gpio_in
                0x0000000080000558                g_uart
                0x0000000080000560                _end = .

.heap           0x0000000080000560      0x800 load address 0x0000000060001280
                0x0000000080000560                __heap_start = .
                0x0000000080000d60                . = (. + HEAP_SIZE)
 *fill*         0x0000000080000560      0x800 
                0x0000000080000d60                __heap_end = .
                0x0000000080000d60                _heap_end = __heap_end

.stack          0x0000000080000d60      0x800 load address 0x0000000060001280
                0x0000000080000d60                __stack_bottom = .
                0x0000000080001560                . = (. + STACK_SIZE)
 *fill*         0x0000000080000d60      0x800 
                0x0000000080001560                __stack_top = .
OUTPUT(IGL2_RISCV_Systick_Blinky.elf elf32-littleriscv)

.comment        0x0000000000000000       0x11
 .comment       0x0000000000000000       0x11 ./riscv_hal/init.o
                                         0x12 (size before relaxing)
 .comment       0x0000000000000011       0x12 ./riscv_hal/riscv_hal.o
 .comment       0x0000000000000011       0x12 ./riscv_hal/riscv_hal_stubs.o
 .comment       0x0000000000000011       0x12 ./riscv_hal/syscall.o
 .comment       0x0000000000000011       0x12 ./hal/hw_reg_access.o
 .comment       0x0000000000000011       0x12 ./drivers/CoreUARTapb/core_uart_apb.o
 .comment       0x0000000000000011       0x12 ./drivers/CoreGPIO/core_gpio.o
 .comment       0x0000000000000011       0x12 ./main.o
 .comment       0x0000000000000011       0x12 c:/microsemi/softconsole_v5.1/riscv-unknown-elf-gcc/bin/../lib/gcc/riscv64-unknown-elf/7.1.0/../../../../riscv64-unknown-elf/lib/rv32im/ilp32\libc.a(lib_a-exit.o)
 .comment       0x0000000000000011       0x12 c:/microsemi/softconsole_v5.1/riscv-unknown-elf-gcc/bin/../lib/gcc/riscv64-unknown-elf/7.1.0/../../../../riscv64-unknown-elf/lib/rv32im/ilp32\libc.a(lib_a-impure.o)
 .comment       0x0000000000000011       0x12 c:/microsemi/softconsole_v5.1/riscv-unknown-elf-gcc/bin/../lib/gcc/riscv64-unknown-elf/7.1.0/../../../../riscv64-unknown-elf/lib/rv32im/ilp32\libc.a(lib_a-__call_atexit.o)
