07:23:12 **** Build of configuration Debug for project Cortex-M1-blinky ****
make all 
Building file: ../hal/CortexM1/GNU/hal.S
Invoking: Cross ARM GNU Assembler
arm-none-eabi-gcc -mcpu=cortex-m1 -mthumb -O0 -fmessage-length=0 -fsigned-char -ffunction-sections -fdata-sections  -g3 -x assembler-with-cpp -MMD -MP -MF"hal/CortexM1/GNU/hal.d" -MT"hal/CortexM1/GNU/hal.o" -c -o "hal/CortexM1/GNU/hal.o" "../hal/CortexM1/GNU/hal.S"
Finished building: ../hal/CortexM1/GNU/hal.S
 
Building file: ../hal/CortexM1/GNU/hw_reg_access.S
Invoking: Cross ARM GNU Assembler
arm-none-eabi-gcc -mcpu=cortex-m1 -mthumb -O0 -fmessage-length=0 -fsigned-char -ffunction-sections -fdata-sections  -g3 -x assembler-with-cpp -MMD -MP -MF"hal/CortexM1/GNU/hw_reg_access.d" -MT"hal/CortexM1/GNU/hw_reg_access.o" -c -o "hal/CortexM1/GNU/hw_reg_access.o" "../hal/CortexM1/GNU/hw_reg_access.S"
Finished building: ../hal/CortexM1/GNU/hw_reg_access.S
 
Building file: ../hal/CortexM1/cortex_nvic.c
Invoking: Cross ARM C Compiler
arm-none-eabi-gcc -mcpu=cortex-m1 -mthumb -O0 -fmessage-length=0 -fsigned-char -ffunction-sections -fdata-sections  -g3 -I../CMSIS -I../hal -I../hal/CortexM1 -I../hal/CortexM1/GNU -std=gnu11 -Wa,-adhlns="hal/CortexM1/cortex_nvic.o.lst" --specs=cmsis.specs -MMD -MP -MF"hal/CortexM1/cortex_nvic.d" -MT"hal/CortexM1/cortex_nvic.o" -c -o "hal/CortexM1/cortex_nvic.o" "../hal/CortexM1/cortex_nvic.c"
Finished building: ../hal/CortexM1/cortex_nvic.c
 
Building file: ../drivers/CoreGPIO/core_gpio.c
Invoking: Cross ARM C Compiler
arm-none-eabi-gcc -mcpu=cortex-m1 -mthumb -O0 -fmessage-length=0 -fsigned-char -ffunction-sections -fdata-sections  -g3 -I../CMSIS -I../hal -I../hal/CortexM1 -I../hal/CortexM1/GNU -std=gnu11 -Wa,-adhlns="drivers/CoreGPIO/core_gpio.o.lst" --specs=cmsis.specs -MMD -MP -MF"drivers/CoreGPIO/core_gpio.d" -MT"drivers/CoreGPIO/core_gpio.o" -c -o "drivers/CoreGPIO/core_gpio.o" "../drivers/CoreGPIO/core_gpio.c"
Finished building: ../drivers/CoreGPIO/core_gpio.c
 
Building file: ../CMSIS/startup_gcc/newlib_stubs.c
Invoking: Cross ARM C Compiler
arm-none-eabi-gcc -mcpu=cortex-m1 -mthumb -O0 -fmessage-length=0 -fsigned-char -ffunction-sections -fdata-sections  -g3 -I../CMSIS -I../hal -I../hal/CortexM1 -I../hal/CortexM1/GNU -std=gnu11 -Wa,-adhlns="CMSIS/startup_gcc/newlib_stubs.o.lst" --specs=cmsis.specs -MMD -MP -MF"CMSIS/startup_gcc/newlib_stubs.d" -MT"CMSIS/startup_gcc/newlib_stubs.o" -c -o "CMSIS/startup_gcc/newlib_stubs.o" "../CMSIS/startup_gcc/newlib_stubs.c"
Finished building: ../CMSIS/startup_gcc/newlib_stubs.c
 
Building file: ../CMSIS/startup_gcc/startup_cortexm1_cfg.S
Invoking: Cross ARM GNU Assembler
arm-none-eabi-gcc -mcpu=cortex-m1 -mthumb -O0 -fmessage-length=0 -fsigned-char -ffunction-sections -fdata-sections  -g3 -x assembler-with-cpp -MMD -MP -MF"CMSIS/startup_gcc/startup_cortexm1_cfg.d" -MT"CMSIS/startup_gcc/startup_cortexm1_cfg.o" -c -o "CMSIS/startup_gcc/startup_cortexm1_cfg.o" "../CMSIS/startup_gcc/startup_cortexm1_cfg.S"
Finished building: ../CMSIS/startup_gcc/startup_cortexm1_cfg.S
 
Building file: ../CMSIS/startup_gcc/sys_boot.c
Invoking: Cross ARM C Compiler
arm-none-eabi-gcc -mcpu=cortex-m1 -mthumb -O0 -fmessage-length=0 -fsigned-char -ffunction-sections -fdata-sections  -g3 -I../CMSIS -I../hal -I../hal/CortexM1 -I../hal/CortexM1/GNU -std=gnu11 -Wa,-adhlns="CMSIS/startup_gcc/sys_boot.o.lst" --specs=cmsis.specs -MMD -MP -MF"CMSIS/startup_gcc/sys_boot.d" -MT"CMSIS/startup_gcc/sys_boot.o" -c -o "CMSIS/startup_gcc/sys_boot.o" "../CMSIS/startup_gcc/sys_boot.c"
Finished building: ../CMSIS/startup_gcc/sys_boot.c
 
Building file: ../CMSIS/system_cortexm1_cfg.c
Invoking: Cross ARM C Compiler
arm-none-eabi-gcc -mcpu=cortex-m1 -mthumb -O0 -fmessage-length=0 -fsigned-char -ffunction-sections -fdata-sections  -g3 -I../CMSIS -I../hal -I../hal/CortexM1 -I../hal/CortexM1/GNU -std=gnu11 -Wa,-adhlns="CMSIS/system_cortexm1_cfg.o.lst" --specs=cmsis.specs -MMD -MP -MF"CMSIS/system_cortexm1_cfg.d" -MT"CMSIS/system_cortexm1_cfg.o" -c -o "CMSIS/system_cortexm1_cfg.o" "../CMSIS/system_cortexm1_cfg.c"
Finished building: ../CMSIS/system_cortexm1_cfg.c
 
Building file: ../main.c
Invoking: Cross ARM C Compiler
arm-none-eabi-gcc -mcpu=cortex-m1 -mthumb -O0 -fmessage-length=0 -fsigned-char -ffunction-sections -fdata-sections  -g3 -I../CMSIS -I../hal -I../hal/CortexM1 -I../hal/CortexM1/GNU -std=gnu11 -Wa,-adhlns="main.o.lst" --specs=cmsis.specs -MMD -MP -MF"main.d" -MT"main.o" -c -o "main.o" "../main.c"
Finished building: ../main.c
 
Building target: Cortex-M1-blinky.elf
Invoking: Cross ARM C Linker
arm-none-eabi-gcc -mcpu=cortex-m1 -mthumb -O0 -fmessage-length=0 -fsigned-char -ffunction-sections -fdata-sections  -g3 -T ../blinky.ld -Xlinker --gc-sections -Wl,-Map,"Cortex-M1-blinky.map" -Xlinker --cref --specs=nano.specs -o "Cortex-M1-blinky.elf"  ./hal/CortexM1/GNU/hal.o ./hal/CortexM1/GNU/hw_reg_access.o  ./hal/CortexM1/cortex_nvic.o  ./drivers/CoreGPIO/core_gpio.o  ./CMSIS/startup_gcc/newlib_stubs.o ./CMSIS/startup_gcc/startup_cortexm1_cfg.o ./CMSIS/startup_gcc/sys_boot.o  ./CMSIS/system_cortexm1_cfg.o  ./main.o   
Finished building target: Cortex-M1-blinky.elf
 
Invoking: Cross ARM GNU Create Flash Image
arm-none-eabi-objcopy -O binary "Cortex-M1-blinky.elf"  "Cortex-M1-blinky.bin"
Finished building: Cortex-M1-blinky.bin
 
Invoking: Cross ARM GNU Create Listing
arm-none-eabi-objdump --source --all-headers --demangle --line-numbers --wide "Cortex-M1-blinky.elf" > "Cortex-M1-blinky.lst"
Finished building: Cortex-M1-blinky.lst
 
Invoking: Cross ARM GNU Print Size
arm-none-eabi-size --format=berkeley "Cortex-M1-blinky.elf"
   text	   data	    bss	    dec	    hex	filename
   1940	      8	  26724	  28672	   7000	Cortex-M1-blinky.elf
Finished building: Cortex-M1-blinky.siz
 

07:23:16 Build Finished (took 3s.807ms)

