22:34:02 **** Build of configuration Debug for project riscv-bootloader ****
make all 
Building file: ../ymodem/ymodem.c
Invoking: RISC-V GCC/Newlib C Compiler
riscv32-unknown-elf-gcc -g3 -gdwarf-2 -DUSE_PLIC -I"C:\dev\tools\softconsole\SoftConsole_v5.1\extras\workspace.examples\riscv-bootloader" -I"C:\dev\tools\softconsole\SoftConsole_v5.1\extras\workspace.examples\riscv-bootloader\drivers\CoreGPIO" -I"C:\dev\tools\softconsole\SoftConsole_v5.1\extras\workspace.examples\riscv-bootloader\drivers\CoreSPI" -I"C:\dev\tools\softconsole\SoftConsole_v5.1\extras\workspace.examples\riscv-bootloader\drivers\CoreTimer" -I"C:\dev\tools\softconsole\SoftConsole_v5.1\extras\workspace.examples\riscv-bootloader\drivers\CoreUARTapb" -I"C:\dev\tools\softconsole\SoftConsole_v5.1\extras\workspace.examples\riscv-bootloader\hal" -I"C:\dev\tools\softconsole\SoftConsole_v5.1\extras\workspace.examples\riscv-bootloader\riscv_hal" -I"C:\dev\tools\softconsole\SoftConsole_v5.1\extras\workspace.examples\riscv-bootloader\spi_flash" -I"C:\dev\tools\softconsole\SoftConsole_v5.1\extras\workspace.examples\riscv-bootloader\ymodem" -O0 -ffunction-sections -fdata-sections -Wall -c -MMD -MP -MF"ymodem/ymodem.d" -MT"ymodem/ymodem.d" -march=rv32im -o "ymodem/ymodem.o" "../ymodem/ymodem.c"
../ymodem/ymodem.c: In function 'ymodem_receive':
../ymodem/ymodem.c:473:14: warning: variable 'crc_tries' set but not used [-Wunused-but-set-variable]
     int32_t  crc_tries;
              ^~~~~~~~~
../ymodem/ymodem.c:466:20: warning: variable 'file_name' set but not used [-Wunused-but-set-variable]
     static uint8_t file_name[FILE_NAME_LENGTH + 1]; /* +1 for nul */
                    ^~~~~~~~~
Finished building: ../ymodem/ymodem.c
 
Building file: ../spi_flash/spi_flash.c
Invoking: RISC-V GCC/Newlib C Compiler
riscv32-unknown-elf-gcc -g3 -gdwarf-2 -DUSE_PLIC -I"C:\dev\tools\softconsole\SoftConsole_v5.1\extras\workspace.examples\riscv-bootloader" -I"C:\dev\tools\softconsole\SoftConsole_v5.1\extras\workspace.examples\riscv-bootloader\drivers\CoreGPIO" -I"C:\dev\tools\softconsole\SoftConsole_v5.1\extras\workspace.examples\riscv-bootloader\drivers\CoreSPI" -I"C:\dev\tools\softconsole\SoftConsole_v5.1\extras\workspace.examples\riscv-bootloader\drivers\CoreTimer" -I"C:\dev\tools\softconsole\SoftConsole_v5.1\extras\workspace.examples\riscv-bootloader\drivers\CoreUARTapb" -I"C:\dev\tools\softconsole\SoftConsole_v5.1\extras\workspace.examples\riscv-bootloader\hal" -I"C:\dev\tools\softconsole\SoftConsole_v5.1\extras\workspace.examples\riscv-bootloader\riscv_hal" -I"C:\dev\tools\softconsole\SoftConsole_v5.1\extras\workspace.examples\riscv-bootloader\spi_flash" -I"C:\dev\tools\softconsole\SoftConsole_v5.1\extras\workspace.examples\riscv-bootloader\ymodem" -O0 -ffunction-sections -fdata-sections -Wall -c -MMD -MP -MF"spi_flash/spi_flash.d" -MT"spi_flash/spi_flash.d" -march=rv32im -o "spi_flash/spi_flash.o" "../spi_flash/spi_flash.c"
../spi_flash/spi_flash.c: In function 'spi_flash_control_hw':
../spi_flash/spi_flash.c:124:8: warning: 'x' may be used uninitialized in this function [-Wmaybe-uninitialized]
       x++;
       ~^~
Finished building: ../spi_flash/spi_flash.c
 
Building file: ../riscv_hal/entry.S
Invoking: RISC-V GCC/Newlib Assembler
riscv32-unknown-elf-gcc -g3 -gdwarf-2 -x assembler-with-cpp -Wall -c -MMD -MP -MF"riscv_hal/entry.d" -MT"riscv_hal/entry.d" -march=rv32im -o "riscv_hal/entry.o" "../riscv_hal/entry.S"
Finished building: ../riscv_hal/entry.S
 
Building file: ../riscv_hal/init.c
Invoking: RISC-V GCC/Newlib C Compiler
riscv32-unknown-elf-gcc -g3 -gdwarf-2 -DUSE_PLIC -I"C:\dev\tools\softconsole\SoftConsole_v5.1\extras\workspace.examples\riscv-bootloader" -I"C:\dev\tools\softconsole\SoftConsole_v5.1\extras\workspace.examples\riscv-bootloader\drivers\CoreGPIO" -I"C:\dev\tools\softconsole\SoftConsole_v5.1\extras\workspace.examples\riscv-bootloader\drivers\CoreSPI" -I"C:\dev\tools\softconsole\SoftConsole_v5.1\extras\workspace.examples\riscv-bootloader\drivers\CoreTimer" -I"C:\dev\tools\softconsole\SoftConsole_v5.1\extras\workspace.examples\riscv-bootloader\drivers\CoreUARTapb" -I"C:\dev\tools\softconsole\SoftConsole_v5.1\extras\workspace.examples\riscv-bootloader\hal" -I"C:\dev\tools\softconsole\SoftConsole_v5.1\extras\workspace.examples\riscv-bootloader\riscv_hal" -I"C:\dev\tools\softconsole\SoftConsole_v5.1\extras\workspace.examples\riscv-bootloader\spi_flash" -I"C:\dev\tools\softconsole\SoftConsole_v5.1\extras\workspace.examples\riscv-bootloader\ymodem" -O0 -ffunction-sections -fdata-sections -Wall -c -MMD -MP -MF"riscv_hal/init.d" -MT"riscv_hal/init.d" -march=rv32im -o "riscv_hal/init.o" "../riscv_hal/init.c"
Finished building: ../riscv_hal/init.c
 
Building file: ../riscv_hal/riscv_hal.c
Invoking: RISC-V GCC/Newlib C Compiler
riscv32-unknown-elf-gcc -g3 -gdwarf-2 -DUSE_PLIC -I"C:\dev\tools\softconsole\SoftConsole_v5.1\extras\workspace.examples\riscv-bootloader" -I"C:\dev\tools\softconsole\SoftConsole_v5.1\extras\workspace.examples\riscv-bootloader\drivers\CoreGPIO" -I"C:\dev\tools\softconsole\SoftConsole_v5.1\extras\workspace.examples\riscv-bootloader\drivers\CoreSPI" -I"C:\dev\tools\softconsole\SoftConsole_v5.1\extras\workspace.examples\riscv-bootloader\drivers\CoreTimer" -I"C:\dev\tools\softconsole\SoftConsole_v5.1\extras\workspace.examples\riscv-bootloader\drivers\CoreUARTapb" -I"C:\dev\tools\softconsole\SoftConsole_v5.1\extras\workspace.examples\riscv-bootloader\hal" -I"C:\dev\tools\softconsole\SoftConsole_v5.1\extras\workspace.examples\riscv-bootloader\riscv_hal" -I"C:\dev\tools\softconsole\SoftConsole_v5.1\extras\workspace.examples\riscv-bootloader\spi_flash" -I"C:\dev\tools\softconsole\SoftConsole_v5.1\extras\workspace.examples\riscv-bootloader\ymodem" -O0 -ffunction-sections -fdata-sections -Wall -c -MMD -MP -MF"riscv_hal/riscv_hal.d" -MT"riscv_hal/riscv_hal.d" -march=rv32im -o "riscv_hal/riscv_hal.o" "../riscv_hal/riscv_hal.c"
Finished building: ../riscv_hal/riscv_hal.c
 
Building file: ../riscv_hal/riscv_hal_stubs.c
Invoking: RISC-V GCC/Newlib C Compiler
riscv32-unknown-elf-gcc -g3 -gdwarf-2 -DUSE_PLIC -I"C:\dev\tools\softconsole\SoftConsole_v5.1\extras\workspace.examples\riscv-bootloader" -I"C:\dev\tools\softconsole\SoftConsole_v5.1\extras\workspace.examples\riscv-bootloader\drivers\CoreGPIO" -I"C:\dev\tools\softconsole\SoftConsole_v5.1\extras\workspace.examples\riscv-bootloader\drivers\CoreSPI" -I"C:\dev\tools\softconsole\SoftConsole_v5.1\extras\workspace.examples\riscv-bootloader\drivers\CoreTimer" -I"C:\dev\tools\softconsole\SoftConsole_v5.1\extras\workspace.examples\riscv-bootloader\drivers\CoreUARTapb" -I"C:\dev\tools\softconsole\SoftConsole_v5.1\extras\workspace.examples\riscv-bootloader\hal" -I"C:\dev\tools\softconsole\SoftConsole_v5.1\extras\workspace.examples\riscv-bootloader\riscv_hal" -I"C:\dev\tools\softconsole\SoftConsole_v5.1\extras\workspace.examples\riscv-bootloader\spi_flash" -I"C:\dev\tools\softconsole\SoftConsole_v5.1\extras\workspace.examples\riscv-bootloader\ymodem" -O0 -ffunction-sections -fdata-sections -Wall -c -MMD -MP -MF"riscv_hal/riscv_hal_stubs.d" -MT"riscv_hal/riscv_hal_stubs.d" -march=rv32im -o "riscv_hal/riscv_hal_stubs.o" "../riscv_hal/riscv_hal_stubs.c"
Finished building: ../riscv_hal/riscv_hal_stubs.c
 
Building file: ../riscv_hal/syscall.c
Invoking: RISC-V GCC/Newlib C Compiler
riscv32-unknown-elf-gcc -g3 -gdwarf-2 -DUSE_PLIC -I"C:\dev\tools\softconsole\SoftConsole_v5.1\extras\workspace.examples\riscv-bootloader" -I"C:\dev\tools\softconsole\SoftConsole_v5.1\extras\workspace.examples\riscv-bootloader\drivers\CoreGPIO" -I"C:\dev\tools\softconsole\SoftConsole_v5.1\extras\workspace.examples\riscv-bootloader\drivers\CoreSPI" -I"C:\dev\tools\softconsole\SoftConsole_v5.1\extras\workspace.examples\riscv-bootloader\drivers\CoreTimer" -I"C:\dev\tools\softconsole\SoftConsole_v5.1\extras\workspace.examples\riscv-bootloader\drivers\CoreUARTapb" -I"C:\dev\tools\softconsole\SoftConsole_v5.1\extras\workspace.examples\riscv-bootloader\hal" -I"C:\dev\tools\softconsole\SoftConsole_v5.1\extras\workspace.examples\riscv-bootloader\riscv_hal" -I"C:\dev\tools\softconsole\SoftConsole_v5.1\extras\workspace.examples\riscv-bootloader\spi_flash" -I"C:\dev\tools\softconsole\SoftConsole_v5.1\extras\workspace.examples\riscv-bootloader\ymodem" -O0 -ffunction-sections -fdata-sections -Wall -c -MMD -MP -MF"riscv_hal/syscall.d" -MT"riscv_hal/syscall.d" -march=rv32im -o "riscv_hal/syscall.o" "../riscv_hal/syscall.c"
Finished building: ../riscv_hal/syscall.c
 
Building file: ../hal/hal_irq.c
Invoking: RISC-V GCC/Newlib C Compiler
riscv32-unknown-elf-gcc -g3 -gdwarf-2 -DUSE_PLIC -I"C:\dev\tools\softconsole\SoftConsole_v5.1\extras\workspace.examples\riscv-bootloader" -I"C:\dev\tools\softconsole\SoftConsole_v5.1\extras\workspace.examples\riscv-bootloader\drivers\CoreGPIO" -I"C:\dev\tools\softconsole\SoftConsole_v5.1\extras\workspace.examples\riscv-bootloader\drivers\CoreSPI" -I"C:\dev\tools\softconsole\SoftConsole_v5.1\extras\workspace.examples\riscv-bootloader\drivers\CoreTimer" -I"C:\dev\tools\softconsole\SoftConsole_v5.1\extras\workspace.examples\riscv-bootloader\drivers\CoreUARTapb" -I"C:\dev\tools\softconsole\SoftConsole_v5.1\extras\workspace.examples\riscv-bootloader\hal" -I"C:\dev\tools\softconsole\SoftConsole_v5.1\extras\workspace.examples\riscv-bootloader\riscv_hal" -I"C:\dev\tools\softconsole\SoftConsole_v5.1\extras\workspace.examples\riscv-bootloader\spi_flash" -I"C:\dev\tools\softconsole\SoftConsole_v5.1\extras\workspace.examples\riscv-bootloader\ymodem" -O0 -ffunction-sections -fdata-sections -Wall -c -MMD -MP -MF"hal/hal_irq.d" -MT"hal/hal_irq.d" -march=rv32im -o "hal/hal_irq.o" "../hal/hal_irq.c"
Finished building: ../hal/hal_irq.c
 
Building file: ../hal/hw_reg_access.c
Invoking: RISC-V GCC/Newlib C Compiler
riscv32-unknown-elf-gcc -g3 -gdwarf-2 -DUSE_PLIC -I"C:\dev\tools\softconsole\SoftConsole_v5.1\extras\workspace.examples\riscv-bootloader" -I"C:\dev\tools\softconsole\SoftConsole_v5.1\extras\workspace.examples\riscv-bootloader\drivers\CoreGPIO" -I"C:\dev\tools\softconsole\SoftConsole_v5.1\extras\workspace.examples\riscv-bootloader\drivers\CoreSPI" -I"C:\dev\tools\softconsole\SoftConsole_v5.1\extras\workspace.examples\riscv-bootloader\drivers\CoreTimer" -I"C:\dev\tools\softconsole\SoftConsole_v5.1\extras\workspace.examples\riscv-bootloader\drivers\CoreUARTapb" -I"C:\dev\tools\softconsole\SoftConsole_v5.1\extras\workspace.examples\riscv-bootloader\hal" -I"C:\dev\tools\softconsole\SoftConsole_v5.1\extras\workspace.examples\riscv-bootloader\riscv_hal" -I"C:\dev\tools\softconsole\SoftConsole_v5.1\extras\workspace.examples\riscv-bootloader\spi_flash" -I"C:\dev\tools\softconsole\SoftConsole_v5.1\extras\workspace.examples\riscv-bootloader\ymodem" -O0 -ffunction-sections -fdata-sections -Wall -c -MMD -MP -MF"hal/hw_reg_access.d" -MT"hal/hw_reg_access.d" -march=rv32im -o "hal/hw_reg_access.o" "../hal/hw_reg_access.c"
Finished building: ../hal/hw_reg_access.c
 
Building file: ../drivers/CoreUARTapb/core_uart_apb.c
Invoking: RISC-V GCC/Newlib C Compiler
riscv32-unknown-elf-gcc -g3 -gdwarf-2 -DUSE_PLIC -I"C:\dev\tools\softconsole\SoftConsole_v5.1\extras\workspace.examples\riscv-bootloader" -I"C:\dev\tools\softconsole\SoftConsole_v5.1\extras\workspace.examples\riscv-bootloader\drivers\CoreGPIO" -I"C:\dev\tools\softconsole\SoftConsole_v5.1\extras\workspace.examples\riscv-bootloader\drivers\CoreSPI" -I"C:\dev\tools\softconsole\SoftConsole_v5.1\extras\workspace.examples\riscv-bootloader\drivers\CoreTimer" -I"C:\dev\tools\softconsole\SoftConsole_v5.1\extras\workspace.examples\riscv-bootloader\drivers\CoreUARTapb" -I"C:\dev\tools\softconsole\SoftConsole_v5.1\extras\workspace.examples\riscv-bootloader\hal" -I"C:\dev\tools\softconsole\SoftConsole_v5.1\extras\workspace.examples\riscv-bootloader\riscv_hal" -I"C:\dev\tools\softconsole\SoftConsole_v5.1\extras\workspace.examples\riscv-bootloader\spi_flash" -I"C:\dev\tools\softconsole\SoftConsole_v5.1\extras\workspace.examples\riscv-bootloader\ymodem" -O0 -ffunction-sections -fdata-sections -Wall -c -MMD -MP -MF"drivers/CoreUARTapb/core_uart_apb.d" -MT"drivers/CoreUARTapb/core_uart_apb.d" -march=rv32im -o "drivers/CoreUARTapb/core_uart_apb.o" "../drivers/CoreUARTapb/core_uart_apb.c"
../drivers/CoreUARTapb/core_uart_apb.c: In function 'UART_init':
../drivers/CoreUARTapb/core_uart_apb.c:97:30: warning: variable 'rx_byte' set but not used [-Wunused-but-set-variable]
             volatile uint8_t rx_byte;
                              ^~~~~~~
Finished building: ../drivers/CoreUARTapb/core_uart_apb.c
 
Building file: ../drivers/CoreTimer/core_timer.c
Invoking: RISC-V GCC/Newlib C Compiler
riscv32-unknown-elf-gcc -g3 -gdwarf-2 -DUSE_PLIC -I"C:\dev\tools\softconsole\SoftConsole_v5.1\extras\workspace.examples\riscv-bootloader" -I"C:\dev\tools\softconsole\SoftConsole_v5.1\extras\workspace.examples\riscv-bootloader\drivers\CoreGPIO" -I"C:\dev\tools\softconsole\SoftConsole_v5.1\extras\workspace.examples\riscv-bootloader\drivers\CoreSPI" -I"C:\dev\tools\softconsole\SoftConsole_v5.1\extras\workspace.examples\riscv-bootloader\drivers\CoreTimer" -I"C:\dev\tools\softconsole\SoftConsole_v5.1\extras\workspace.examples\riscv-bootloader\drivers\CoreUARTapb" -I"C:\dev\tools\softconsole\SoftConsole_v5.1\extras\workspace.examples\riscv-bootloader\hal" -I"C:\dev\tools\softconsole\SoftConsole_v5.1\extras\workspace.examples\riscv-bootloader\riscv_hal" -I"C:\dev\tools\softconsole\SoftConsole_v5.1\extras\workspace.examples\riscv-bootloader\spi_flash" -I"C:\dev\tools\softconsole\SoftConsole_v5.1\extras\workspace.examples\riscv-bootloader\ymodem" -O0 -ffunction-sections -fdata-sections -Wall -c -MMD -MP -MF"drivers/CoreTimer/core_timer.d" -MT"drivers/CoreTimer/core_timer.d" -march=rv32im -o "drivers/CoreTimer/core_timer.o" "../drivers/CoreTimer/core_timer.c"
Finished building: ../drivers/CoreTimer/core_timer.c
 
Building file: ../drivers/CoreSPI/core_spi.c
Invoking: RISC-V GCC/Newlib C Compiler
riscv32-unknown-elf-gcc -g3 -gdwarf-2 -DUSE_PLIC -I"C:\dev\tools\softconsole\SoftConsole_v5.1\extras\workspace.examples\riscv-bootloader" -I"C:\dev\tools\softconsole\SoftConsole_v5.1\extras\workspace.examples\riscv-bootloader\drivers\CoreGPIO" -I"C:\dev\tools\softconsole\SoftConsole_v5.1\extras\workspace.examples\riscv-bootloader\drivers\CoreSPI" -I"C:\dev\tools\softconsole\SoftConsole_v5.1\extras\workspace.examples\riscv-bootloader\drivers\CoreTimer" -I"C:\dev\tools\softconsole\SoftConsole_v5.1\extras\workspace.examples\riscv-bootloader\drivers\CoreUARTapb" -I"C:\dev\tools\softconsole\SoftConsole_v5.1\extras\workspace.examples\riscv-bootloader\hal" -I"C:\dev\tools\softconsole\SoftConsole_v5.1\extras\workspace.examples\riscv-bootloader\riscv_hal" -I"C:\dev\tools\softconsole\SoftConsole_v5.1\extras\workspace.examples\riscv-bootloader\spi_flash" -I"C:\dev\tools\softconsole\SoftConsole_v5.1\extras\workspace.examples\riscv-bootloader\ymodem" -O0 -ffunction-sections -fdata-sections -Wall -c -MMD -MP -MF"drivers/CoreSPI/core_spi.d" -MT"drivers/CoreSPI/core_spi.d" -march=rv32im -o "drivers/CoreSPI/core_spi.o" "../drivers/CoreSPI/core_spi.c"
../drivers/CoreSPI/core_spi.c: In function 'SPI_init':
../drivers/CoreSPI/core_spi.c:67:10: warning: variable 'test' set but not used [-Wunused-but-set-variable]
  uint8_t test;
          ^~~~
Finished building: ../drivers/CoreSPI/core_spi.c
 
Building file: ../drivers/CoreGPIO/core_gpio.c
Invoking: RISC-V GCC/Newlib C Compiler
riscv32-unknown-elf-gcc -g3 -gdwarf-2 -DUSE_PLIC -I"C:\dev\tools\softconsole\SoftConsole_v5.1\extras\workspace.examples\riscv-bootloader" -I"C:\dev\tools\softconsole\SoftConsole_v5.1\extras\workspace.examples\riscv-bootloader\drivers\CoreGPIO" -I"C:\dev\tools\softconsole\SoftConsole_v5.1\extras\workspace.examples\riscv-bootloader\drivers\CoreSPI" -I"C:\dev\tools\softconsole\SoftConsole_v5.1\extras\workspace.examples\riscv-bootloader\drivers\CoreTimer" -I"C:\dev\tools\softconsole\SoftConsole_v5.1\extras\workspace.examples\riscv-bootloader\drivers\CoreUARTapb" -I"C:\dev\tools\softconsole\SoftConsole_v5.1\extras\workspace.examples\riscv-bootloader\hal" -I"C:\dev\tools\softconsole\SoftConsole_v5.1\extras\workspace.examples\riscv-bootloader\riscv_hal" -I"C:\dev\tools\softconsole\SoftConsole_v5.1\extras\workspace.examples\riscv-bootloader\spi_flash" -I"C:\dev\tools\softconsole\SoftConsole_v5.1\extras\workspace.examples\riscv-bootloader\ymodem" -O0 -ffunction-sections -fdata-sections -Wall -c -MMD -MP -MF"drivers/CoreGPIO/core_gpio.d" -MT"drivers/CoreGPIO/core_gpio.d" -march=rv32im -o "drivers/CoreGPIO/core_gpio.o" "../drivers/CoreGPIO/core_gpio.c"
Finished building: ../drivers/CoreGPIO/core_gpio.c
 
Building file: ../bootloader.c
Invoking: RISC-V GCC/Newlib C Compiler
riscv32-unknown-elf-gcc -g3 -gdwarf-2 -DUSE_PLIC -I"C:\dev\tools\softconsole\SoftConsole_v5.1\extras\workspace.examples\riscv-bootloader" -I"C:\dev\tools\softconsole\SoftConsole_v5.1\extras\workspace.examples\riscv-bootloader\drivers\CoreGPIO" -I"C:\dev\tools\softconsole\SoftConsole_v5.1\extras\workspace.examples\riscv-bootloader\drivers\CoreSPI" -I"C:\dev\tools\softconsole\SoftConsole_v5.1\extras\workspace.examples\riscv-bootloader\drivers\CoreTimer" -I"C:\dev\tools\softconsole\SoftConsole_v5.1\extras\workspace.examples\riscv-bootloader\drivers\CoreUARTapb" -I"C:\dev\tools\softconsole\SoftConsole_v5.1\extras\workspace.examples\riscv-bootloader\hal" -I"C:\dev\tools\softconsole\SoftConsole_v5.1\extras\workspace.examples\riscv-bootloader\riscv_hal" -I"C:\dev\tools\softconsole\SoftConsole_v5.1\extras\workspace.examples\riscv-bootloader\spi_flash" -I"C:\dev\tools\softconsole\SoftConsole_v5.1\extras\workspace.examples\riscv-bootloader\ymodem" -O0 -ffunction-sections -fdata-sections -Wall -c -MMD -MP -MF"bootloader.d" -MT"bootloader.d" -march=rv32im -o "bootloader.o" "../bootloader.c"
../bootloader.c: In function 'test_flash':
../bootloader.c:499:36: warning: pointer targets in passing argument 2 of 'UART_polled_tx_string' differ in signedness [-Wpointer-sign]
    UART_polled_tx_string( &g_uart, "  Flash test success\n\r" );
                                    ^~~~~~~~~~~~~~~~~~~~~~~~~~
In file included from ../bootloader.c:20:0:
../drivers/CoreUARTapb/core_uart_apb.h:346:1: note: expected 'const uint8_t * {aka const unsigned char *}' but argument is of type 'char *'
 UART_polled_tx_string
 ^~~~~~~~~~~~~~~~~~~~~
../bootloader.c:290:24: warning: variable 'result' set but not used [-Wunused-but-set-variable]
     spi_flash_status_t result;
                        ^~~~~~
../bootloader.c: In function 'write_program_to_flash':
../bootloader.c:722:36: warning: pointer targets in passing argument 2 of 'UART_polled_tx_string' differ in signedness [-Wpointer-sign]
    UART_polled_tx_string( &g_uart, "  Flash write success\n\r" );
                                    ^~~~~~~~~~~~~~~~~~~~~~~~~~~
In file included from ../bootloader.c:20:0:
../drivers/CoreUARTapb/core_uart_apb.h:346:1: note: expected 'const uint8_t * {aka const unsigned char *}' but argument is of type 'char *'
 UART_polled_tx_string
 ^~~~~~~~~~~~~~~~~~~~~
../bootloader.c:516:24: warning: variable 'result' set but not used [-Wunused-but-set-variable]
     spi_flash_status_t result;
                        ^~~~~~
../bootloader.c: In function 'read_program_from_flash':
../bootloader.c:780:36: warning: pointer targets in passing argument 2 of 'UART_polled_tx_string' differ in signedness [-Wpointer-sign]
    UART_polled_tx_string( &g_uart, "  Flash read success\n\r" );
                                    ^~~~~~~~~~~~~~~~~~~~~~~~~~
In file included from ../bootloader.c:20:0:
../drivers/CoreUARTapb/core_uart_apb.h:346:1: note: expected 'const uint8_t * {aka const unsigned char *}' but argument is of type 'char *'
 UART_polled_tx_string
 ^~~~~~~~~~~~~~~~~~~~~
../bootloader.c:736:24: warning: variable 'result' set but not used [-Wunused-but-set-variable]
     spi_flash_status_t result;
                        ^~~~~~
../bootloader.c: In function 'mem_test':
../bootloader.c:796:38: warning: pointer targets in passing argument 2 of 'UART_polled_tx_string' differ in signedness [-Wpointer-sign]
      UART_polled_tx_string( &g_uart, "  Read/Write success\n\r" );
                                      ^~~~~~~~~~~~~~~~~~~~~~~~~~
In file included from ../bootloader.c:20:0:
../drivers/CoreUARTapb/core_uart_apb.h:346:1: note: expected 'const uint8_t * {aka const unsigned char *}' but argument is of type 'char *'
 UART_polled_tx_string
 ^~~~~~~~~~~~~~~~~~~~~
../bootloader.c:798:38: warning: pointer targets in passing argument 2 of 'UART_polled_tx_string' differ in signedness [-Wpointer-sign]
      UART_polled_tx_string( &g_uart, "  Read/Write fail\n\r" );
                                      ^~~~~~~~~~~~~~~~~~~~~~~
In file included from ../bootloader.c:20:0:
../drivers/CoreUARTapb/core_uart_apb.h:346:1: note: expected 'const uint8_t * {aka const unsigned char *}' but argument is of type 'char *'
 UART_polled_tx_string
 ^~~~~~~~~~~~~~~~~~~~~
../bootloader.c: In function 'rx_app_file':
../bootloader.c:807:17: warning: variable 'received' set but not used [-Wunused-but-set-variable]
     uint8_t     received;
                 ^~~~~~~~
Finished building: ../bootloader.c
 
Building target: riscv-bootloader.elf
Invoking: RISC-V GCC/Newlib C Linker
riscv32-unknown-elf-gcc -g3 -gdwarf-2 -T"../bootloader_debug.lds" -nostartfiles -Wl,-Map,riscv-bootloader.map -gc-sections -march=rv32im -o "riscv-bootloader.elf"  ./ymodem/ymodem.o  ./spi_flash/spi_flash.o  ./riscv_hal/entry.o ./riscv_hal/init.o ./riscv_hal/riscv_hal.o ./riscv_hal/riscv_hal_stubs.o ./riscv_hal/syscall.o  ./hal/hal_irq.o ./hal/hw_reg_access.o  ./drivers/CoreUARTapb/core_uart_apb.o  ./drivers/CoreTimer/core_timer.o  ./drivers/CoreSPI/core_spi.o  ./drivers/CoreGPIO/core_gpio.o  ./bootloader.o   
Finished building target: riscv-bootloader.elf
 
Invoking: RISC-V GCC/Newlib GNU Create Flash Image
riscv32-unknown-elf-objcopy -O ihex riscv-bootloader.elf  "riscv-bootloader.hex"
Finished building: riscv-bootloader.hex
 
Invoking: RISC-V GCC/Newlib Create Listing
riscv32-unknown-elf-objdump -h -S riscv-bootloader.elf > "riscv-bootloader.lst"
Finished building: riscv-bootloader.lst
 
Invoking: RISC-V GCC/Newlib Print Size
riscv32-unknown-elf-size --format=berkeley "riscv-bootloader.elf"
   text	   data	    bss	    dec	    hex	filename
  31392	   1212	 263793	 296397	  485cd	riscv-bootloader.elf
Finished building: riscv-bootloader.siz
 

22:35:01 Build Finished (took 58s.933ms)

