09:30:29 **** Incremental Build of configuration Debug for project riscv-systick-blinky ****
make all 
Building file: ../riscv_hal/entry.S
Invoking: RISC-V GCC/Newlib Assembler
riscv32-unknown-elf-gcc -g3 -gdwarf-2 -x assembler-with-cpp -Wall -c -MMD -MP -MF"riscv_hal/entry.d" -MT"riscv_hal/entry.d" -march=rv32im -o "riscv_hal/entry.o" "../riscv_hal/entry.S"
Finished building: ../riscv_hal/entry.S
 
Building file: ../riscv_hal/init.c
Invoking: RISC-V GCC/Newlib C Compiler
riscv32-unknown-elf-gcc -g3 -gdwarf-2 -DUSE_PLIC -I"C:\Microsemi\SoftConsole_v5.1\extras\workspace.examples.bak\riscv-systick-blinky" -I"C:\Microsemi\SoftConsole_v5.1\extras\workspace.examples.bak\riscv-systick-blinky\drivers\CoreGPIO" -I"C:\Microsemi\SoftConsole_v5.1\extras\workspace.examples.bak\riscv-systick-blinky\drivers\CoreUARTapb" -I"C:\Microsemi\SoftConsole_v5.1\extras\workspace.examples.bak\riscv-systick-blinky\hal" -I"C:\Microsemi\SoftConsole_v5.1\extras\workspace.examples.bak\riscv-systick-blinky\riscv_hal" -O0 -ffunction-sections -fdata-sections -Wall -c -MMD -MP -MF"riscv_hal/init.d" -MT"riscv_hal/init.d" -march=rv32im -o "riscv_hal/init.o" "../riscv_hal/init.c"
Finished building: ../riscv_hal/init.c
 
Building file: ../riscv_hal/riscv_hal.c
Invoking: RISC-V GCC/Newlib C Compiler
riscv32-unknown-elf-gcc -g3 -gdwarf-2 -DUSE_PLIC -I"C:\Microsemi\SoftConsole_v5.1\extras\workspace.examples.bak\riscv-systick-blinky" -I"C:\Microsemi\SoftConsole_v5.1\extras\workspace.examples.bak\riscv-systick-blinky\drivers\CoreGPIO" -I"C:\Microsemi\SoftConsole_v5.1\extras\workspace.examples.bak\riscv-systick-blinky\drivers\CoreUARTapb" -I"C:\Microsemi\SoftConsole_v5.1\extras\workspace.examples.bak\riscv-systick-blinky\hal" -I"C:\Microsemi\SoftConsole_v5.1\extras\workspace.examples.bak\riscv-systick-blinky\riscv_hal" -O0 -ffunction-sections -fdata-sections -Wall -c -MMD -MP -MF"riscv_hal/riscv_hal.d" -MT"riscv_hal/riscv_hal.d" -march=rv32im -o "riscv_hal/riscv_hal.o" "../riscv_hal/riscv_hal.c"
Finished building: ../riscv_hal/riscv_hal.c
 
Building file: ../riscv_hal/riscv_hal_stubs.c
Invoking: RISC-V GCC/Newlib C Compiler
riscv32-unknown-elf-gcc -g3 -gdwarf-2 -DUSE_PLIC -I"C:\Microsemi\SoftConsole_v5.1\extras\workspace.examples.bak\riscv-systick-blinky" -I"C:\Microsemi\SoftConsole_v5.1\extras\workspace.examples.bak\riscv-systick-blinky\drivers\CoreGPIO" -I"C:\Microsemi\SoftConsole_v5.1\extras\workspace.examples.bak\riscv-systick-blinky\drivers\CoreUARTapb" -I"C:\Microsemi\SoftConsole_v5.1\extras\workspace.examples.bak\riscv-systick-blinky\hal" -I"C:\Microsemi\SoftConsole_v5.1\extras\workspace.examples.bak\riscv-systick-blinky\riscv_hal" -O0 -ffunction-sections -fdata-sections -Wall -c -MMD -MP -MF"riscv_hal/riscv_hal_stubs.d" -MT"riscv_hal/riscv_hal_stubs.d" -march=rv32im -o "riscv_hal/riscv_hal_stubs.o" "../riscv_hal/riscv_hal_stubs.c"
Finished building: ../riscv_hal/riscv_hal_stubs.c
 
Building file: ../riscv_hal/syscall.c
Invoking: RISC-V GCC/Newlib C Compiler
riscv32-unknown-elf-gcc -g3 -gdwarf-2 -DUSE_PLIC -I"C:\Microsemi\SoftConsole_v5.1\extras\workspace.examples.bak\riscv-systick-blinky" -I"C:\Microsemi\SoftConsole_v5.1\extras\workspace.examples.bak\riscv-systick-blinky\drivers\CoreGPIO" -I"C:\Microsemi\SoftConsole_v5.1\extras\workspace.examples.bak\riscv-systick-blinky\drivers\CoreUARTapb" -I"C:\Microsemi\SoftConsole_v5.1\extras\workspace.examples.bak\riscv-systick-blinky\hal" -I"C:\Microsemi\SoftConsole_v5.1\extras\workspace.examples.bak\riscv-systick-blinky\riscv_hal" -O0 -ffunction-sections -fdata-sections -Wall -c -MMD -MP -MF"riscv_hal/syscall.d" -MT"riscv_hal/syscall.d" -march=rv32im -o "riscv_hal/syscall.o" "../riscv_hal/syscall.c"
../riscv_hal/syscall.c: In function 'write':
../riscv_hal/syscall.c:177:29: warning: pointer targets in initialization differ in signedness [-Wpointer-sign]
   const uint8_t * current = (const char*) ptr;
                             ^
../riscv_hal/syscall.c:185:28: warning: pointer targets in passing argument 2 of 'UART_send' differ in signedness [-Wpointer-sign]
         UART_send(&g_uart, "\r", 1);
                            ^~~~
In file included from ../riscv_hal/syscall.c:14:0:
C:\Microsemi\SoftConsole_v5.1\extras\workspace.examples.bak\riscv-systick-blinky\drivers\CoreUARTapb/core_uart_apb.h:214:1: note: expected 'const uint8_t * {aka const unsigned char *}' but argument is of type 'char *'
 UART_send
 ^~~~~~~~~
Finished building: ../riscv_hal/syscall.c
 
Building file: ../hal/hal_irq.c
Invoking: RISC-V GCC/Newlib C Compiler
riscv32-unknown-elf-gcc -g3 -gdwarf-2 -DUSE_PLIC -I"C:\Microsemi\SoftConsole_v5.1\extras\workspace.examples.bak\riscv-systick-blinky" -I"C:\Microsemi\SoftConsole_v5.1\extras\workspace.examples.bak\riscv-systick-blinky\drivers\CoreGPIO" -I"C:\Microsemi\SoftConsole_v5.1\extras\workspace.examples.bak\riscv-systick-blinky\drivers\CoreUARTapb" -I"C:\Microsemi\SoftConsole_v5.1\extras\workspace.examples.bak\riscv-systick-blinky\hal" -I"C:\Microsemi\SoftConsole_v5.1\extras\workspace.examples.bak\riscv-systick-blinky\riscv_hal" -O0 -ffunction-sections -fdata-sections -Wall -c -MMD -MP -MF"hal/hal_irq.d" -MT"hal/hal_irq.d" -march=rv32im -o "hal/hal_irq.o" "../hal/hal_irq.c"
Finished building: ../hal/hal_irq.c
 
Building file: ../hal/hw_reg_access.c
Invoking: RISC-V GCC/Newlib C Compiler
riscv32-unknown-elf-gcc -g3 -gdwarf-2 -DUSE_PLIC -I"C:\Microsemi\SoftConsole_v5.1\extras\workspace.examples.bak\riscv-systick-blinky" -I"C:\Microsemi\SoftConsole_v5.1\extras\workspace.examples.bak\riscv-systick-blinky\drivers\CoreGPIO" -I"C:\Microsemi\SoftConsole_v5.1\extras\workspace.examples.bak\riscv-systick-blinky\drivers\CoreUARTapb" -I"C:\Microsemi\SoftConsole_v5.1\extras\workspace.examples.bak\riscv-systick-blinky\hal" -I"C:\Microsemi\SoftConsole_v5.1\extras\workspace.examples.bak\riscv-systick-blinky\riscv_hal" -O0 -ffunction-sections -fdata-sections -Wall -c -MMD -MP -MF"hal/hw_reg_access.d" -MT"hal/hw_reg_access.d" -march=rv32im -o "hal/hw_reg_access.o" "../hal/hw_reg_access.c"
Finished building: ../hal/hw_reg_access.c
 
Building file: ../drivers/CoreUARTapb/core_uart_apb.c
Invoking: RISC-V GCC/Newlib C Compiler
riscv32-unknown-elf-gcc -g3 -gdwarf-2 -DUSE_PLIC -I"C:\Microsemi\SoftConsole_v5.1\extras\workspace.examples.bak\riscv-systick-blinky" -I"C:\Microsemi\SoftConsole_v5.1\extras\workspace.examples.bak\riscv-systick-blinky\drivers\CoreGPIO" -I"C:\Microsemi\SoftConsole_v5.1\extras\workspace.examples.bak\riscv-systick-blinky\drivers\CoreUARTapb" -I"C:\Microsemi\SoftConsole_v5.1\extras\workspace.examples.bak\riscv-systick-blinky\hal" -I"C:\Microsemi\SoftConsole_v5.1\extras\workspace.examples.bak\riscv-systick-blinky\riscv_hal" -O0 -ffunction-sections -fdata-sections -Wall -c -MMD -MP -MF"drivers/CoreUARTapb/core_uart_apb.d" -MT"drivers/CoreUARTapb/core_uart_apb.d" -march=rv32im -o "drivers/CoreUARTapb/core_uart_apb.o" "../drivers/CoreUARTapb/core_uart_apb.c"
../drivers/CoreUARTapb/core_uart_apb.c: In function 'UART_init':
../drivers/CoreUARTapb/core_uart_apb.c:97:30: warning: variable 'rx_byte' set but not used [-Wunused-but-set-variable]
             volatile uint8_t rx_byte;
                              ^~~~~~~
Finished building: ../drivers/CoreUARTapb/core_uart_apb.c
 
Building file: ../drivers/CoreGPIO/core_gpio.c
Invoking: RISC-V GCC/Newlib C Compiler
riscv32-unknown-elf-gcc -g3 -gdwarf-2 -DUSE_PLIC -I"C:\Microsemi\SoftConsole_v5.1\extras\workspace.examples.bak\riscv-systick-blinky" -I"C:\Microsemi\SoftConsole_v5.1\extras\workspace.examples.bak\riscv-systick-blinky\drivers\CoreGPIO" -I"C:\Microsemi\SoftConsole_v5.1\extras\workspace.examples.bak\riscv-systick-blinky\drivers\CoreUARTapb" -I"C:\Microsemi\SoftConsole_v5.1\extras\workspace.examples.bak\riscv-systick-blinky\hal" -I"C:\Microsemi\SoftConsole_v5.1\extras\workspace.examples.bak\riscv-systick-blinky\riscv_hal" -O0 -ffunction-sections -fdata-sections -Wall -c -MMD -MP -MF"drivers/CoreGPIO/core_gpio.d" -MT"drivers/CoreGPIO/core_gpio.d" -march=rv32im -o "drivers/CoreGPIO/core_gpio.o" "../drivers/CoreGPIO/core_gpio.c"
Finished building: ../drivers/CoreGPIO/core_gpio.c
 
Building file: ../main.c
Invoking: RISC-V GCC/Newlib C Compiler
riscv32-unknown-elf-gcc -g3 -gdwarf-2 -DUSE_PLIC -I"C:\Microsemi\SoftConsole_v5.1\extras\workspace.examples.bak\riscv-systick-blinky" -I"C:\Microsemi\SoftConsole_v5.1\extras\workspace.examples.bak\riscv-systick-blinky\drivers\CoreGPIO" -I"C:\Microsemi\SoftConsole_v5.1\extras\workspace.examples.bak\riscv-systick-blinky\drivers\CoreUARTapb" -I"C:\Microsemi\SoftConsole_v5.1\extras\workspace.examples.bak\riscv-systick-blinky\hal" -I"C:\Microsemi\SoftConsole_v5.1\extras\workspace.examples.bak\riscv-systick-blinky\riscv_hal" -O0 -ffunction-sections -fdata-sections -Wall -c -MMD -MP -MF"main.d" -MT"main.d" -march=rv32im -o "main.o" "../main.c"
../main.c: In function 'main':
../main.c:50:13: warning: unused variable 'rx_count' [-Wunused-variable]
     uint8_t rx_count;
             ^~~~~~~~
../main.c:49:13: warning: unused variable 'rx_char' [-Wunused-variable]
     uint8_t rx_char;
             ^~~~~~~
Finished building: ../main.c
 
Building target: riscv-systick-blinky.elf
Invoking: RISC-V GCC/Newlib C Linker
riscv32-unknown-elf-gcc -g3 -gdwarf-2 -T"../all-ram.lds" -nostartfiles -Wl,-Map,riscv-systick-blinky.map -gc-sections -march=rv32im -o "riscv-systick-blinky.elf"  ./riscv_hal/entry.o ./riscv_hal/init.o ./riscv_hal/riscv_hal.o ./riscv_hal/riscv_hal_stubs.o ./riscv_hal/syscall.o  ./hal/hal_irq.o ./hal/hw_reg_access.o  ./drivers/CoreUARTapb/core_uart_apb.o  ./drivers/CoreGPIO/core_gpio.o  ./main.o   
Finished building target: riscv-systick-blinky.elf
 
Invoking: RISC-V GCC/Newlib GNU Create Flash Image
riscv32-unknown-elf-objcopy -O ihex riscv-systick-blinky.elf  "riscv-systick-blinky.hex"
Finished building: riscv-systick-blinky.hex
 
Invoking: RISC-V GCC/Newlib Create Listing
riscv32-unknown-elf-objdump -h -S riscv-systick-blinky.elf > "riscv-systick-blinky.lst"
Finished building: riscv-systick-blinky.lst
 
Invoking: RISC-V GCC/Newlib Print Size
riscv32-unknown-elf-size --format=berkeley "riscv-systick-blinky.elf"
   text	   data	    bss	    dec	    hex	filename
   9549	   1092	   4260	  14901	   3a35	riscv-systick-blinky.elf
Finished building: riscv-systick-blinky.siz
 

09:30:32 Build Finished (took 2s.730ms)

