07:23:19 **** Build of configuration Debug for project SmartFusion-Cortex-M3-blinky ****
make all 
Building file: ../drivers/mss_gpio/mss_gpio.c
Invoking: Cross ARM C Compiler
arm-none-eabi-gcc -mcpu=cortex-m3 -mthumb -O0 -fmessage-length=0 -fsigned-char -ffunction-sections -fdata-sections  -g3 -std=gnu11 --specs=cmsis.specs -MMD -MP -MF"drivers/mss_gpio/mss_gpio.d" -MT"drivers/mss_gpio/mss_gpio.o" -c -o "drivers/mss_gpio/mss_gpio.o" "../drivers/mss_gpio/mss_gpio.c"
Finished building: ../drivers/mss_gpio/mss_gpio.c
 
Building file: ../CMSIS/startup_gcc/newlib_stubs.c
Invoking: Cross ARM C Compiler
arm-none-eabi-gcc -mcpu=cortex-m3 -mthumb -O0 -fmessage-length=0 -fsigned-char -ffunction-sections -fdata-sections  -g3 -std=gnu11 --specs=cmsis.specs -MMD -MP -MF"CMSIS/startup_gcc/newlib_stubs.d" -MT"CMSIS/startup_gcc/newlib_stubs.o" -c -o "CMSIS/startup_gcc/newlib_stubs.o" "../CMSIS/startup_gcc/newlib_stubs.c"
Finished building: ../CMSIS/startup_gcc/newlib_stubs.c
 
Building file: ../CMSIS/startup_gcc/startup_a2fxxxm3.S
Invoking: Cross ARM GNU Assembler
arm-none-eabi-gcc -mcpu=cortex-m3 -mthumb -O0 -fmessage-length=0 -fsigned-char -ffunction-sections -fdata-sections  -g3 -x assembler-with-cpp -MMD -MP -MF"CMSIS/startup_gcc/startup_a2fxxxm3.d" -MT"CMSIS/startup_gcc/startup_a2fxxxm3.o" -c -o "CMSIS/startup_gcc/startup_a2fxxxm3.o" "../CMSIS/startup_gcc/startup_a2fxxxm3.S"
Finished building: ../CMSIS/startup_gcc/startup_a2fxxxm3.S
 
Building file: ../CMSIS/brownout_isr.c
Invoking: Cross ARM C Compiler
arm-none-eabi-gcc -mcpu=cortex-m3 -mthumb -O0 -fmessage-length=0 -fsigned-char -ffunction-sections -fdata-sections  -g3 -std=gnu11 --specs=cmsis.specs -MMD -MP -MF"CMSIS/brownout_isr.d" -MT"CMSIS/brownout_isr.o" -c -o "CMSIS/brownout_isr.o" "../CMSIS/brownout_isr.c"
Finished building: ../CMSIS/brownout_isr.c
 
Building file: ../CMSIS/core_cm3.c
Invoking: Cross ARM C Compiler
arm-none-eabi-gcc -mcpu=cortex-m3 -mthumb -O0 -fmessage-length=0 -fsigned-char -ffunction-sections -fdata-sections  -g3 -std=gnu11 --specs=cmsis.specs -MMD -MP -MF"CMSIS/core_cm3.d" -MT"CMSIS/core_cm3.o" -c -o "CMSIS/core_cm3.o" "../CMSIS/core_cm3.c"
Finished building: ../CMSIS/core_cm3.c
 
Building file: ../CMSIS/system_a2fxxxm3.c
Invoking: Cross ARM C Compiler
arm-none-eabi-gcc -mcpu=cortex-m3 -mthumb -O0 -fmessage-length=0 -fsigned-char -ffunction-sections -fdata-sections  -g3 -std=gnu11 --specs=cmsis.specs -MMD -MP -MF"CMSIS/system_a2fxxxm3.d" -MT"CMSIS/system_a2fxxxm3.o" -c -o "CMSIS/system_a2fxxxm3.o" "../CMSIS/system_a2fxxxm3.c"
Finished building: ../CMSIS/system_a2fxxxm3.c
 
Building file: ../main.c
Invoking: Cross ARM C Compiler
arm-none-eabi-gcc -mcpu=cortex-m3 -mthumb -O0 -fmessage-length=0 -fsigned-char -ffunction-sections -fdata-sections  -g3 -std=gnu11 --specs=cmsis.specs -MMD -MP -MF"main.d" -MT"main.o" -c -o "main.o" "../main.c"
Finished building: ../main.c
 
Building target: SmartFusion-Cortex-M3-blinky.elf
Invoking: Cross ARM C Linker
arm-none-eabi-gcc -mcpu=cortex-m3 -mthumb -O0 -fmessage-length=0 -fsigned-char -ffunction-sections -fdata-sections  -g3 -T ../CMSIS/startup_gcc/debug-in-actel-smartfusion-esram.ld -Xlinker --gc-sections -Wl,-Map,"SmartFusion-Cortex-M3-blinky.map" -o "SmartFusion-Cortex-M3-blinky.elf"  ./drivers/mss_gpio/mss_gpio.o  ./CMSIS/startup_gcc/newlib_stubs.o ./CMSIS/startup_gcc/startup_a2fxxxm3.o  ./CMSIS/brownout_isr.o ./CMSIS/core_cm3.o ./CMSIS/system_a2fxxxm3.o  ./main.o   
Finished building target: SmartFusion-Cortex-M3-blinky.elf
 
Invoking: Cross ARM GNU Create Flash Image
arm-none-eabi-objcopy -O ihex "SmartFusion-Cortex-M3-blinky.elf"  "SmartFusion-Cortex-M3-blinky.hex"
Finished building: SmartFusion-Cortex-M3-blinky.hex
 
Invoking: Cross ARM GNU Print Size
arm-none-eabi-size --format=berkeley "SmartFusion-Cortex-M3-blinky.elf"
   text	   data	    bss	    dec	    hex	filename
   2356	   1072	  12320	  15748	   3d84	SmartFusion-Cortex-M3-blinky.elf
Finished building: SmartFusion-Cortex-M3-blinky.siz
 

07:23:21 Build Finished (took 2s.36ms)

