07:23:24 **** Build of configuration Debug for project SmartFusion2-Cortex-M3-blinky ****
make all 
Building file: ../hal/CortexM3/GNU/hal.S
Invoking: Cross ARM GNU Assembler
arm-none-eabi-gcc -mcpu=cortex-m3 -mthumb -O0 -fmessage-length=0 -fsigned-char -ffunction-sections -fdata-sections  -g3 -x assembler-with-cpp -MMD -MP -MF"hal/CortexM3/GNU/hal.d" -MT"hal/CortexM3/GNU/hal.o" -c -o "hal/CortexM3/GNU/hal.o" "../hal/CortexM3/GNU/hal.S"
Finished building: ../hal/CortexM3/GNU/hal.S
 
Building file: ../hal/CortexM3/GNU/hw_reg_access.S
Invoking: Cross ARM GNU Assembler
arm-none-eabi-gcc -mcpu=cortex-m3 -mthumb -O0 -fmessage-length=0 -fsigned-char -ffunction-sections -fdata-sections  -g3 -x assembler-with-cpp -MMD -MP -MF"hal/CortexM3/GNU/hw_reg_access.d" -MT"hal/CortexM3/GNU/hw_reg_access.o" -c -o "hal/CortexM3/GNU/hw_reg_access.o" "../hal/CortexM3/GNU/hw_reg_access.S"
Finished building: ../hal/CortexM3/GNU/hw_reg_access.S
 
Building file: ../hal/CortexM3/cortex_nvic.c
Invoking: Cross ARM C Compiler
arm-none-eabi-gcc -mcpu=cortex-m3 -mthumb -O0 -fmessage-length=0 -fsigned-char -ffunction-sections -fdata-sections  -g3 -I../hal -I../hal/CortexM3 -I../hal/CortexM3/GNU -I../CMSIS -I../CMSIS/startup_gcc -I../drivers/mss_gpio -std=gnu11 --specs=cmsis.specs -MMD -MP -MF"hal/CortexM3/cortex_nvic.d" -MT"hal/CortexM3/cortex_nvic.o" -c -o "hal/CortexM3/cortex_nvic.o" "../hal/CortexM3/cortex_nvic.c"
Finished building: ../hal/CortexM3/cortex_nvic.c
 
Building file: ../drivers_config/sys_config/sys_config.c
Invoking: Cross ARM C Compiler
arm-none-eabi-gcc -mcpu=cortex-m3 -mthumb -O0 -fmessage-length=0 -fsigned-char -ffunction-sections -fdata-sections  -g3 -I../hal -I../hal/CortexM3 -I../hal/CortexM3/GNU -I../CMSIS -I../CMSIS/startup_gcc -I../drivers/mss_gpio -std=gnu11 --specs=cmsis.specs -MMD -MP -MF"drivers_config/sys_config/sys_config.d" -MT"drivers_config/sys_config/sys_config.o" -c -o "drivers_config/sys_config/sys_config.o" "../drivers_config/sys_config/sys_config.c"
Finished building: ../drivers_config/sys_config/sys_config.c
 
Building file: ../drivers/mss_gpio/mss_gpio.c
Invoking: Cross ARM C Compiler
arm-none-eabi-gcc -mcpu=cortex-m3 -mthumb -O0 -fmessage-length=0 -fsigned-char -ffunction-sections -fdata-sections  -g3 -I../hal -I../hal/CortexM3 -I../hal/CortexM3/GNU -I../CMSIS -I../CMSIS/startup_gcc -I../drivers/mss_gpio -std=gnu11 --specs=cmsis.specs -MMD -MP -MF"drivers/mss_gpio/mss_gpio.d" -MT"drivers/mss_gpio/mss_gpio.o" -c -o "drivers/mss_gpio/mss_gpio.o" "../drivers/mss_gpio/mss_gpio.c"
Finished building: ../drivers/mss_gpio/mss_gpio.c
 
Building file: ../CMSIS/startup_gcc/newlib_stubs.c
Invoking: Cross ARM C Compiler
arm-none-eabi-gcc -mcpu=cortex-m3 -mthumb -O0 -fmessage-length=0 -fsigned-char -ffunction-sections -fdata-sections  -g3 -I../hal -I../hal/CortexM3 -I../hal/CortexM3/GNU -I../CMSIS -I../CMSIS/startup_gcc -I../drivers/mss_gpio -std=gnu11 --specs=cmsis.specs -MMD -MP -MF"CMSIS/startup_gcc/newlib_stubs.d" -MT"CMSIS/startup_gcc/newlib_stubs.o" -c -o "CMSIS/startup_gcc/newlib_stubs.o" "../CMSIS/startup_gcc/newlib_stubs.c"
Finished building: ../CMSIS/startup_gcc/newlib_stubs.c
 
Building file: ../CMSIS/startup_gcc/startup_m2sxxx.S
Invoking: Cross ARM GNU Assembler
arm-none-eabi-gcc -mcpu=cortex-m3 -mthumb -O0 -fmessage-length=0 -fsigned-char -ffunction-sections -fdata-sections  -g3 -x assembler-with-cpp -MMD -MP -MF"CMSIS/startup_gcc/startup_m2sxxx.d" -MT"CMSIS/startup_gcc/startup_m2sxxx.o" -c -o "CMSIS/startup_gcc/startup_m2sxxx.o" "../CMSIS/startup_gcc/startup_m2sxxx.S"
Finished building: ../CMSIS/startup_gcc/startup_m2sxxx.S
 
Building file: ../CMSIS/system_m2sxxx.c
Invoking: Cross ARM C Compiler
arm-none-eabi-gcc -mcpu=cortex-m3 -mthumb -O0 -fmessage-length=0 -fsigned-char -ffunction-sections -fdata-sections  -g3 -I../hal -I../hal/CortexM3 -I../hal/CortexM3/GNU -I../CMSIS -I../CMSIS/startup_gcc -I../drivers/mss_gpio -std=gnu11 --specs=cmsis.specs -MMD -MP -MF"CMSIS/system_m2sxxx.d" -MT"CMSIS/system_m2sxxx.o" -c -o "CMSIS/system_m2sxxx.o" "../CMSIS/system_m2sxxx.c"
Finished building: ../CMSIS/system_m2sxxx.c
 
Building file: ../main.c
Invoking: Cross ARM C Compiler
arm-none-eabi-gcc -mcpu=cortex-m3 -mthumb -O0 -fmessage-length=0 -fsigned-char -ffunction-sections -fdata-sections  -g3 -I../hal -I../hal/CortexM3 -I../hal/CortexM3/GNU -I../CMSIS -I../CMSIS/startup_gcc -I../drivers/mss_gpio -std=gnu11 --specs=cmsis.specs -MMD -MP -MF"main.d" -MT"main.o" -c -o "main.o" "../main.c"
Finished building: ../main.c
 
Building target: SmartFusion2-Cortex-M3-blinky.elf
Invoking: Cross ARM C Linker
arm-none-eabi-gcc -mcpu=cortex-m3 -mthumb -O0 -fmessage-length=0 -fsigned-char -ffunction-sections -fdata-sections  -g3 -T ../CMSIS/startup_gcc/debug-in-microsemi-smartfusion2-esram.ld -Xlinker --gc-sections -Wl,-Map,"SmartFusion2-Cortex-M3-blinky.map" -o "SmartFusion2-Cortex-M3-blinky.elf"  ./hal/CortexM3/GNU/hal.o ./hal/CortexM3/GNU/hw_reg_access.o  ./hal/CortexM3/cortex_nvic.o  ./drivers_config/sys_config/sys_config.o  ./drivers/mss_gpio/mss_gpio.o  ./CMSIS/startup_gcc/newlib_stubs.o ./CMSIS/startup_gcc/startup_m2sxxx.o  ./CMSIS/system_m2sxxx.o  ./main.o   
Finished building target: SmartFusion2-Cortex-M3-blinky.elf
 
Invoking: Cross ARM GNU Create Flash Image
arm-none-eabi-objcopy -O ihex "SmartFusion2-Cortex-M3-blinky.elf"  "SmartFusion2-Cortex-M3-blinky.hex"
Finished building: SmartFusion2-Cortex-M3-blinky.hex
 
Invoking: Cross ARM GNU Create Listing
arm-none-eabi-objdump --source --all-headers --demangle --line-numbers --wide "SmartFusion2-Cortex-M3-blinky.elf" > "SmartFusion2-Cortex-M3-blinky.lst"
Finished building: SmartFusion2-Cortex-M3-blinky.lst
 
Invoking: Cross ARM GNU Print Size
arm-none-eabi-size --format=berkeley "SmartFusion2-Cortex-M3-blinky.elf"
   text	   data	    bss	    dec	    hex	filename
   2624	   1072	  61840	  65536	  10000	SmartFusion2-Cortex-M3-blinky.elf
Finished building: SmartFusion2-Cortex-M3-blinky.siz
 

07:23:24 Build Finished (took 773ms)

