23:08:54 **** Incremental Build of configuration Debug for project test ****
make all 
Building target: test.elf
Invoking: RISC-V GCC/Newlib C Linker
riscv32-unknown-elf-gcc -g3 -gdwarf-2 -T"../all-ram.lds" -nostartfiles -Wl,-Map,test.map -gc-sections -march=rv32im -o "test.elf"  ./riscv_hal/entry.o ./riscv_hal/init.o ./riscv_hal/riscv_hal.o ./riscv_hal/riscv_hal_stubs.o ./riscv_hal/syscall.o  ./hal/hal_irq.o ./hal/hw_reg_access.o  ./drivers/CoreUARTapb/core_uart_apb.o  ./drivers/CoreGPIO/core_gpio.o  ./main.o   
Finished building target: test.elf
 
Invoking: RISC-V GCC/Newlib GNU Create Flash Image
riscv32-unknown-elf-objcopy -O ihex test.elf  "test.hex"
Finished building: test.hex
 
Invoking: RISC-V GCC/Newlib Create Listing
riscv32-unknown-elf-objdump -h -S test.elf > "test.lst"
Finished building: test.lst
 
Invoking: RISC-V GCC/Newlib Print Size
riscv32-unknown-elf-size --format=berkeley "test.elf"
   text	   data	    bss	    dec	    hex	filename
   9581	   1092	 131236	 141909	  22a55	test.elf
Finished building: test.siz
 

23:08:55 Build Finished (took 1s.198ms)

